Archive member included to satisfy reference by file (symbol)

d:/apps/rt-threadstudio/repo/extract/toolchain_support_packages/arm/gnu_tools_for_arm_embedded_processors/10.2.1/bin/../lib/gcc/arm-none-eabi/10.2.1/../../../../arm-none-eabi/lib/thumb/v7e-m+fp/hard\libc.a(lib_a-atoi.o)
                              ./rt-thread/components/drivers/misc/pin.o (atoi)
d:/apps/rt-threadstudio/repo/extract/toolchain_support_packages/arm/gnu_tools_for_arm_embedded_processors/10.2.1/bin/../lib/gcc/arm-none-eabi/10.2.1/../../../../arm-none-eabi/lib/thumb/v7e-m+fp/hard\libc.a(lib_a-ctype_.o)
                              ./rt-thread/components/libc/compilers/common/cstring.o (_ctype_)
d:/apps/rt-threadstudio/repo/extract/toolchain_support_packages/arm/gnu_tools_for_arm_embedded_processors/10.2.1/bin/../lib/gcc/arm-none-eabi/10.2.1/../../../../arm-none-eabi/lib/thumb/v7e-m+fp/hard\libc.a(lib_a-exit.o)
                              d:/apps/rt-threadstudio/repo/extract/toolchain_support_packages/arm/gnu_tools_for_arm_embedded_processors/10.2.1/bin/../lib/gcc/arm-none-eabi/10.2.1/../../../../arm-none-eabi/lib/thumb/v7e-m+fp/hard/crt0.o (exit)
d:/apps/rt-threadstudio/repo/extract/toolchain_support_packages/arm/gnu_tools_for_arm_embedded_processors/10.2.1/bin/../lib/gcc/arm-none-eabi/10.2.1/../../../../arm-none-eabi/lib/thumb/v7e-m+fp/hard\libc.a(lib_a-impure.o)
                              d:/apps/rt-threadstudio/repo/extract/toolchain_support_packages/arm/gnu_tools_for_arm_embedded_processors/10.2.1/bin/../lib/gcc/arm-none-eabi/10.2.1/../../../../arm-none-eabi/lib/thumb/v7e-m+fp/hard\libc.a(lib_a-exit.o) (_global_impure_ptr)
d:/apps/rt-threadstudio/repo/extract/toolchain_support_packages/arm/gnu_tools_for_arm_embedded_processors/10.2.1/bin/../lib/gcc/arm-none-eabi/10.2.1/../../../../arm-none-eabi/lib/thumb/v7e-m+fp/hard\libc.a(lib_a-malloc.o)
                              ./rt-thread/components/libc/compilers/common/cstring.o (malloc)
d:/apps/rt-threadstudio/repo/extract/toolchain_support_packages/arm/gnu_tools_for_arm_embedded_processors/10.2.1/bin/../lib/gcc/arm-none-eabi/10.2.1/../../../../arm-none-eabi/lib/thumb/v7e-m+fp/hard\libc.a(lib_a-memcmp.o)
                              ./rt-thread/components/finsh/shell.o (memcmp)
d:/apps/rt-threadstudio/repo/extract/toolchain_support_packages/arm/gnu_tools_for_arm_embedded_processors/10.2.1/bin/../lib/gcc/arm-none-eabi/10.2.1/../../../../arm-none-eabi/lib/thumb/v7e-m+fp/hard\libc.a(lib_a-memcpy.o)
                              ./ra/fsp/src/r_sci_uart/r_sci_uart.o (memcpy)
d:/apps/rt-threadstudio/repo/extract/toolchain_support_packages/arm/gnu_tools_for_arm_embedded_processors/10.2.1/bin/../lib/gcc/arm-none-eabi/10.2.1/../../../../arm-none-eabi/lib/thumb/v7e-m+fp/hard\libc.a(lib_a-memset.o)
                              d:/apps/rt-threadstudio/repo/extract/toolchain_support_packages/arm/gnu_tools_for_arm_embedded_processors/10.2.1/bin/../lib/gcc/arm-none-eabi/10.2.1/../../../../arm-none-eabi/lib/thumb/v7e-m+fp/hard/crt0.o (memset)
d:/apps/rt-threadstudio/repo/extract/toolchain_support_packages/arm/gnu_tools_for_arm_embedded_processors/10.2.1/bin/../lib/gcc/arm-none-eabi/10.2.1/../../../../arm-none-eabi/lib/thumb/v7e-m+fp/hard\libc.a(lib_a-strchr.o)
                              ./rt-thread/components/libc/compilers/common/cstring.o (strchr)
d:/apps/rt-threadstudio/repo/extract/toolchain_support_packages/arm/gnu_tools_for_arm_embedded_processors/10.2.1/bin/../lib/gcc/arm-none-eabi/10.2.1/../../../../arm-none-eabi/lib/thumb/v7e-m+fp/hard\libc.a(lib_a-strcmp.o)
                              ./rt-thread/components/finsh/msh.o (strcmp)
d:/apps/rt-threadstudio/repo/extract/toolchain_support_packages/arm/gnu_tools_for_arm_embedded_processors/10.2.1/bin/../lib/gcc/arm-none-eabi/10.2.1/../../../../arm-none-eabi/lib/thumb/v7e-m+fp/hard\libc.a(lib_a-strcpy.o)
                              ./rt-thread/components/libc/compilers/common/cstring.o (strcpy)
d:/apps/rt-threadstudio/repo/extract/toolchain_support_packages/arm/gnu_tools_for_arm_embedded_processors/10.2.1/bin/../lib/gcc/arm-none-eabi/10.2.1/../../../../arm-none-eabi/lib/thumb/v7e-m+fp/hard\libc.a(lib_a-strlen.o)
                              ./rt-thread/components/libc/compilers/common/cstring.o (strlen)
d:/apps/rt-threadstudio/repo/extract/toolchain_support_packages/arm/gnu_tools_for_arm_embedded_processors/10.2.1/bin/../lib/gcc/arm-none-eabi/10.2.1/../../../../arm-none-eabi/lib/thumb/v7e-m+fp/hard\libc.a(lib_a-strncmp.o)
                              ./rt-thread/components/finsh/msh.o (strncmp)
d:/apps/rt-threadstudio/repo/extract/toolchain_support_packages/arm/gnu_tools_for_arm_embedded_processors/10.2.1/bin/../lib/gcc/arm-none-eabi/10.2.1/../../../../arm-none-eabi/lib/thumb/v7e-m+fp/hard\libc.a(lib_a-strncpy.o)
                              ./rt-thread/components/finsh/msh.o (strncpy)
[...]
Memory Configuration

Name             Origin             Length             Attributes
FLASH            0x00000000         0x00200000         xr
RAM              0x1ffe0000         0x000a0000         xrw
DATA_FLASH       0x40100000         0x00010000         xr
QSPI_FLASH       0x60000000         0x04000000         xr
OSPI_DEVICE_0    0x68000000         0x00000000         xr
OSPI_DEVICE_1    0x70000000         0x00000000         xr
OSPI_DEVICE_0_RAM 0x68000000         0x00000000         xrw
OSPI_DEVICE_1_RAM 0x70000000         0x00000000         xrw
SDRAM            0x90000000         0x08000000         xrw
OPTION_SETTING   0x00000000         0x00000000         r
OPTION_SETTING_S 0x00000000         0x00000000         r
ID_CODE          0x0100a150         0x00000010         xr
*default*        0x00000000         0xffffffff

Linker script and memory map

LOAD d:/apps/rt-threadstudio/repo/extract/toolchain_support_packages/arm/gnu_tools_for_arm_embedded_processors/10.2.1/bin/../lib/gcc/arm-none-eabi/10.2.1/thumb/v7e-m+fp/hard/crti.o
LOAD d:/apps/rt-threadstudio/repo/extract/toolchain_support_packages/arm/gnu_tools_for_arm_embedded_processors/10.2.1/bin/../lib/gcc/arm-none-eabi/10.2.1/thumb/v7e-m+fp/hard/crtbegin.o
LOAD d:/apps/rt-threadstudio/repo/extract/toolchain_support_packages/arm/gnu_tools_for_arm_embedded_processors/10.2.1/bin/../lib/gcc/arm-none-eabi/10.2.1/../../../../arm-none-eabi/lib/thumb/v7e-m+fp/hard/crt0.o
LOAD ./src/hal_entry.o
LOAD ./rt-thread/src/clock.o
LOAD ./rt-thread/src/components.o
LOAD ./rt-thread/src/idle.o
LOAD ./rt-thread/src/ipc.o
LOAD ./rt-thread/src/irq.o
LOAD ./rt-thread/src/kservice.o
LOAD ./rt-thread/src/mem.o
LOAD ./rt-thread/src/object.o
LOAD ./rt-thread/src/scheduler_up.o
LOAD ./rt-thread/src/thread.o
LOAD ./rt-thread/src/timer.o
LOAD ./rt-thread/libcpu/arm/cortex-m4/context_gcc.o
LOAD ./rt-thread/libcpu/arm/cortex-m4/cpuport.o
LOAD ./rt-thread/libcpu/arm/common/atomic_arm.o
LOAD ./rt-thread/libcpu/arm/common/div0.o
LOAD ./rt-thread/libcpu/arm/common/showmem.o
LOAD ./rt-thread/components/libc/compilers/newlib/syscalls.o
LOAD ./rt-thread/components/libc/compilers/common/cctype.o
LOAD ./rt-thread/components/libc/compilers/common/cstdlib.o
LOAD ./rt-thread/components/libc/compilers/common/cstring.o
LOAD ./rt-thread/components/libc/compilers/common/ctime.o
LOAD ./rt-thread/components/libc/compilers/common/cunistd.o
LOAD ./rt-thread/components/libc/compilers/common/cwchar.o
LOAD ./rt-thread/components/finsh/cmd.o
LOAD ./rt-thread/components/finsh/msh.o
LOAD ./rt-thread/components/finsh/msh_parse.o
LOAD ./rt-thread/components/finsh/shell.o
LOAD ./rt-thread/components/drivers/serial/serial_v2.o
LOAD ./rt-thread/components/drivers/misc/pin.o
LOAD ./rt-thread/components/drivers/ipc/completion.o
LOAD ./rt-thread/components/drivers/ipc/dataqueue.o
LOAD ./rt-thread/components/drivers/ipc/pipe.o
LOAD ./rt-thread/components/drivers/ipc/ringblk_buf.o
LOAD ./rt-thread/components/drivers/ipc/ringbuffer.o
LOAD ./rt-thread/components/drivers/ipc/waitqueue.o
LOAD ./rt-thread/components/drivers/ipc/workqueue.o
LOAD ./rt-thread/components/drivers/core/device.o
LOAD ./ra_gen/common_data.o
LOAD ./ra_gen/hal_data.o
LOAD ./ra_gen/main.o
LOAD ./ra_gen/pin_data.o
LOAD ./ra_gen/vector_data.o
LOAD ./ra/fsp/src/r_sci_uart/r_sci_uart.o
LOAD ./ra/fsp/src/r_ioport/r_ioport.o
LOAD ./ra/fsp/src/bsp/mcu/all/bsp_clocks.o
LOAD ./ra/fsp/src/bsp/mcu/all/bsp_common.o
LOAD ./ra/fsp/src/bsp/mcu/all/bsp_delay.o
LOAD ./ra/fsp/src/bsp/mcu/all/bsp_group_irq.o
LOAD ./ra/fsp/src/bsp/mcu/all/bsp_guard.o
LOAD ./ra/fsp/src/bsp/mcu/all/bsp_io.o
LOAD ./ra/fsp/src/bsp/mcu/all/bsp_irq.o
LOAD ./ra/fsp/src/bsp/mcu/all/bsp_register_protection.o
LOAD ./ra/fsp/src/bsp/mcu/all/bsp_rom_registers.o
LOAD ./ra/fsp/src/bsp/mcu/all/bsp_sbrk.o
LOAD ./ra/fsp/src/bsp/mcu/all/bsp_security.o
LOAD ./ra/fsp/src/bsp/cmsis/Device/RENESAS/Source/startup.o
LOAD ./ra/fsp/src/bsp/cmsis/Device/RENESAS/Source/system.o
LOAD ./libraries/HAL_Drivers/drv_common.o
LOAD ./libraries/HAL_Drivers/drv_gpio.o
LOAD ./libraries/HAL_Drivers/drv_usart_v2.o
LOAD ./board/ra6m3_it.o
LOAD d:/apps/rt-threadstudio/repo/extract/toolchain_support_packages/arm/gnu_tools_for_arm_embedded_processors/10.2.1/bin/../lib/gcc/arm-none-eabi/10.2.1/../../../../arm-none-eabi/lib/thumb/v7e-m+fp/hard\libc.a
LOAD d:/apps/rt-threadstudio/repo/extract/toolchain_support_packages/arm/gnu_tools_for_arm_embedded_processors/10.2.1/bin/../lib/gcc/arm-none-eabi/10.2.1/../../../../arm-none-eabi/lib/thumb/v7e-m+fp/hard\libm.a
START GROUP
LOAD d:/apps/rt-threadstudio/repo/extract/toolchain_support_packages/arm/gnu_tools_for_arm_embedded_processors/10.2.1/bin/../lib/gcc/arm-none-eabi/10.2.1/thumb/v7e-m+fp/hard\libgcc.a
LOAD d:/apps/rt-threadstudio/repo/extract/toolchain_support_packages/arm/gnu_tools_for_arm_embedded_processors/10.2.1/bin/../lib/gcc/arm-none-eabi/10.2.1/../../../../arm-none-eabi/lib/thumb/v7e-m+fp/hard\libg.a
LOAD d:/apps/rt-threadstudio/repo/extract/toolchain_support_packages/arm/gnu_tools_for_arm_embedded_processors/10.2.1/bin/../lib/gcc/arm-none-eabi/10.2.1/../../../../arm-none-eabi/lib/thumb/v7e-m+fp/hard\libc.a
END GROUP
LOAD d:/apps/rt-threadstudio/repo/extract/toolchain_support_packages/arm/gnu_tools_for_arm_embedded_processors/10.2.1/bin/../lib/gcc/arm-none-eabi/10.2.1/thumb/v7e-m+fp/hard/crtend.o
LOAD d:/apps/rt-threadstudio/repo/extract/toolchain_support_packages/arm/gnu_tools_for_arm_embedded_processors/10.2.1/bin/../lib/gcc/arm-none-eabi/10.2.1/thumb/v7e-m+fp/hard/crtn.o
                0x1ffe0000                RAM_START = 0x1ffe0000
                0x000a0000                RAM_LENGTH = 0xa0000
                0x00000000                FLASH_START = 0x0
                0x00200000                FLASH_LENGTH = 0x200000
                0x40100000                DATA_FLASH_START = 0x40100000
                0x00010000                DATA_FLASH_LENGTH = 0x10000
                0x00000000                OPTION_SETTING_START = 0x0
                0x00000000                OPTION_SETTING_LENGTH = 0x0
                0x00000000                OPTION_SETTING_S_START = 0x0
                0x00000000                OPTION_SETTING_S_LENGTH = 0x0
                0x0100a150                ID_CODE_START = 0x100a150
                0x00000010                ID_CODE_LENGTH = 0x10
                0x90000000                SDRAM_START = 0x90000000
                0x08000000                SDRAM_LENGTH = 0x8000000
                0x60000000                QSPI_FLASH_START = 0x60000000
                0x04000000                QSPI_FLASH_LENGTH = 0x4000000
                0x68000000                OSPI_DEVICE_0_START = 0x68000000
                0x00000000                OSPI_DEVICE_0_LENGTH = 0x0
                0x70000000                OSPI_DEVICE_1_START = 0x70000000
                0x00000000                OSPI_DEVICE_1_LENGTH = 0x0
                0x04000000                QSPI_FLASH_PRV_LENGTH = DEFINED (QSPI_FLASH_SIZE)?ABSOLUTE (QSPI_FLASH_SIZE):ABSOLUTE (QSPI_FLASH_LENGTH)
                0x00000000                OSPI_DEVICE_0_PRV_LENGTH = DEFINED (OSPI_DEVICE_0_SIZE)?ABSOLUTE (OSPI_DEVICE_0_SIZE):ABSOLUTE (OSPI_DEVICE_0_LENGTH)
                0x00000000                OSPI_DEVICE_1_PRV_LENGTH = DEFINED (OSPI_DEVICE_1_SIZE)?ABSOLUTE (OSPI_DEVICE_1_SIZE):ABSOLUTE (OSPI_DEVICE_1_LENGTH)
                0x00000000                __RESERVE_NS_RAM = ((! (DEFINED (PROJECT_NONSECURE)) && DEFINED (RAM_NS_BUFFER_LENGTH)) && (OPTION_SETTING_S_LENGTH != 0x0))
                0x00000000                RAM_NS_BUFFER_BLOCK_LENGTH = DEFINED (RAM_NS_BUFFER_LENGTH)?ALIGN (RAM_NS_BUFFER_LENGTH, 0x2000):0x0
                0x00000000                RAM_NS_BUFFER_LENGTH = DEFINED (RAM_NS_BUFFER_LENGTH)?RAM_NS_BUFFER_LENGTH:0x0
                0x20080000                RAM_NS_BUFFER_START = ((RAM_START + RAM_LENGTH) - RAM_NS_BUFFER_LENGTH)
                0x20080000                RAM_NS_BUFFER_BLOCK_START = ((RAM_START + RAM_LENGTH) - RAM_NS_BUFFER_BLOCK_LENGTH)
                0x0100a180                OPTION_SETTING_START_NS = 0x100a180
                0x00000001                __bl_FSP_BOOTABLE_IMAGE = 0x1
                0x00000001                __bln_FSP_BOOTABLE_IMAGE = 0x1
                0x00000000                PROJECT_SECURE_OR_FLAT = ((! (DEFINED (PROJECT_NONSECURE)) && OPTION_SETTING_LENGTH) && ! (DEFINED (FSP_BOOTABLE_IMAGE)))
                0x00000000                USE_OPTION_SETTING_NS = (DEFINED (PROJECT_NONSECURE) && ! (DEFINED (FSP_BOOTABLE_IMAGE)))
                0x00000000                __bl_FLASH_IMAGE_START = ! (DEFINED (FLASH_BOOTLOADER_LENGTH))?0x0:(FLASH_APPLICATION_IMAGE_NUMBER == 0x1)?(FLASH_BOOTLOADER_LENGTH + FLASH_BOOTLOADER_HEADER_LENGTH):(((FLASH_BOOTLOADER_LENGTH + FLASH_BOOTLOADER_SCRATCH_LENGTH) + FLASH_APPLICATION_S_LENGTH) + FLASH_BOOTLOADER_HEADER_LENGTH)
                0x00000000                __bl_FLASH_IMAGE_LENGTH = ! (DEFINED (FLASH_BOOTLOADER_LENGTH))?0x0:(FLASH_APPLICATION_S_LENGTH - FLASH_BOOTLOADER_HEADER_LENGTH)
                0x00000000                __bl_FLASH_IMAGE_END = (__bl_FLASH_IMAGE_START + __bl_FLASH_IMAGE_LENGTH)
                0x00000000                __bl_XIP_SECONDARY_FLASH_IMAGE_START = ! (DEFINED (FLASH_BOOTLOADER_LENGTH))?0x0:((FLASH_BOOTLOADER_LENGTH + FLASH_APPLICATION_S_LENGTH) + FLASH_BOOTLOADER_HEADER_LENGTH)
                0x00000000                __bl_XIP_SECONDARY_FLASH_IMAGE_END = (__bl_XIP_SECONDARY_FLASH_IMAGE_START + __bl_FLASH_IMAGE_LENGTH)
                0x00000000                __bl_FLASH_NS_START = ! (DEFINED (FLASH_BOOTLOADER_LENGTH))?0x0:(FLASH_APPLICATION_NS_LENGTH == 0x0)?__bl_FLASH_IMAGE_END:((__bl_FLASH_IMAGE_START - FLASH_BOOTLOADER_HEADER_LENGTH) + FLASH_APPLICATION_S_LENGTH)
                0x00000000                __bl_FLASH_NSC_START = ! (DEFINED (FLASH_BOOTLOADER_LENGTH))?0x0:(FLASH_APPLICATION_NS_LENGTH == 0x0)?__bl_FLASH_IMAGE_END:(__bl_FLASH_NS_START - FLASH_APPLICATION_NSC_LENGTH)
                0x00000000                __bl_RAM_NS_START = ! (DEFINED (FLASH_BOOTLOADER_LENGTH))?0x0:(FLASH_APPLICATION_NS_LENGTH == 0x0)?(RAM_START + RAM_LENGTH):((RAM_START + RAM_LENGTH) - RAM_APPLICATION_NS_LENGTH)
                0x00000000                __bl_RAM_NSC_START = ! (DEFINED (FLASH_BOOTLOADER_LENGTH))?0x0:(FLASH_APPLICATION_NS_LENGTH == 0x0)?(RAM_START + RAM_LENGTH):(__bl_RAM_NS_START - RAM_APPLICATION_NSC_LENGTH)
                0x00000000                __bl_FLASH_NS_IMAGE_START = ! (DEFINED (FLASH_BOOTLOADER_LENGTH))?0x0:(FLASH_APPLICATION_NS_LENGTH == 0x0)?__bl_FLASH_IMAGE_END:(__bl_FLASH_NS_START + FLASH_BOOTLOADER_HEADER_LENGTH_2)
                0x00000000                __bln_FLASH_IMAGE_START = __bl_FLASH_NS_IMAGE_START
                0x00000000                __bln_FLASH_IMAGE_LENGTH = ! (DEFINED (FLASH_BOOTLOADER_LENGTH))?0x0:(FLASH_APPLICATION_NS_LENGTH == 0x0)?__bl_FLASH_IMAGE_END:(FLASH_APPLICATION_NS_LENGTH - FLASH_BOOTLOADER_HEADER_LENGTH_2)
                0x00000000                XIP_SECONDARY_SLOT_IMAGE = DEFINED (XIP_SECONDARY_SLOT_IMAGE)?XIP_SECONDARY_SLOT_IMAGE:0x0
                0x00000000                FLASH_ORIGIN = ! (DEFINED (FLASH_IMAGE_START))?FLASH_START:(XIP_SECONDARY_SLOT_IMAGE == 0x1)?XIP_SECONDARY_FLASH_IMAGE_START:FLASH_IMAGE_START
                0x00200000                LIMITED_FLASH_LENGTH = DEFINED (FLASH_IMAGE_LENGTH)?FLASH_IMAGE_LENGTH:DEFINED (FLASH_BOOTLOADER_LENGTH)?FLASH_BOOTLOADER_LENGTH:FLASH_LENGTH
START GROUP
LOAD d:/apps/rt-threadstudio/repo/extract/toolchain_support_packages/arm/gnu_tools_for_arm_embedded_processors/10.2.1/bin/../lib/gcc/arm-none-eabi/10.2.1/../../../../arm-none-eabi/lib/thumb/v7e-m+fp/hard\libc.a
LOAD d:/apps/rt-threadstudio/repo/extract/toolchain_support_packages/arm/gnu_tools_for_arm_embedded_processors/10.2.1/bin/../lib/gcc/arm-none-eabi/10.2.1/../../../../arm-none-eabi/lib/thumb/v7e-m+fp/hard\libm.a
END GROUP

.text           0x00000000     0xf4c0
                0x00000000                __tz_FLASH_S = ABSOLUTE (FLASH_START)
                0x00000000                __ROM_Start = .
 *(.fixed_vectors*)
 .fixed_vectors
                0x00000000       0x40 ./ra/fsp/src/bsp/cmsis/Device/RENESAS/Source/startup.o
                0x00000000                __Vectors
 *(.application_vectors*)
 .application_vectors
                0x00000040      0x180 ./ra_gen/vector_data.o
                0x00000040                g_vector_table
                0x000001c0                __Vectors_End = .
                0x00000400                . = (OPTION_SETTING_LENGTH > 0x0)?.:(__ROM_Start + 0x400)
 *fill*         0x000001c0      0x240 ff
 *(.rom_registers*)
 .rom_registers
                0x00000400       0x3c ./ra/fsp/src/bsp/mcu/all/bsp_rom_registers.o
                0x00000500                . = (OPTION_SETTING_LENGTH > 0x0)?.:(__ROM_Start + 0x500)
 *fill*         0x0000043c       0xc4 ff
                0x00000500                . = ALIGN (0x80)
 *(.mcuboot_sce9_key*)
 *(.text*)
 .text          0x00000500       0x40 d:/apps/rt-threadstudio/repo/extract/toolchain_support_packages/arm/gnu_tools_for_arm_embedded_processors/10.2.1/bin/../lib/gcc/arm-none-eabi/10.2.1/thumb/v7e-m+fp/hard/crtbegin.o
 .text.hal_entry
                0x00000540       0x34 ./src/hal_entry.o
                0x00000540                hal_entry
 .text.rt_spin_lock_irqsave
                0x00000574       0x16 ./rt-thread/src/clock.o
 *fill*         0x0000058a        0x2 ff
 .text.rt_tick_get
                0x0000058c       0x14 ./rt-thread/src/clock.o
                0x0000058c                rt_tick_get
 .text.rt_tick_increase
                0x000005a0       0xb4 ./rt-thread/src/clock.o
                0x000005a0                rt_tick_increase
 .text.rt_tick_from_millisecond
                0x00000654       0x78 ./rt-thread/src/clock.o
                0x00000654                rt_tick_from_millisecond
 .text.rti_start
                0x000006cc       0x10 ./rt-thread/src/components.o
 .text.rti_board_start
                0x000006dc       0x10 ./rt-thread/src/components.o
 .text.rti_board_end
                0x000006ec       0x10 ./rt-thread/src/components.o
 .text.rti_end  0x000006fc       0x10 ./rt-thread/src/components.o
 .text.rt_components_board_init
                0x0000070c       0x50 ./rt-thread/src/components.o
                0x0000070c                rt_components_board_init
 .text.rt_components_init
                0x0000075c       0x5c ./rt-thread/src/components.o
                0x0000075c                rt_components_init
 .text.entry    0x000007b8        0xe ./rt-thread/src/components.o
                0x000007b8                entry
 .text.main_thread_entry
                0x000007c6       0x18 ./rt-thread/src/components.o
                0x000007c6                main_thread_entry
 *fill*         0x000007de        0x2 ff
 .text.rt_application_init
                0x000007e0       0x4c ./rt-thread/src/components.o
                0x000007e0                rt_application_init
 .text.rtthread_startup
                0x0000082c       0x2e ./rt-thread/src/components.o
                0x0000082c                rtthread_startup
 .text.rt_list_insert_after
                0x0000085a       0x32 ./rt-thread/src/idle.o
 .text.rt_list_remove
                0x0000088c       0x36 ./rt-thread/src/idle.o
 *fill*         0x000008c2        0x2 ff
 .text.rt_thread_defunct_enqueue
                0x000008c4       0x48 ./rt-thread/src/idle.o
                0x000008c4                rt_thread_defunct_enqueue
 .text.rt_thread_defunct_dequeue
                0x0000090c       0x44 ./rt-thread/src/idle.o
                0x0000090c                rt_thread_defunct_dequeue
 .text.rt_defunct_execute
                0x00000950       0x74 ./rt-thread/src/idle.o
 .text.idle_thread_entry
                0x000009c4       0x38 ./rt-thread/src/idle.o
 .text.rt_thread_idle_init
                0x000009fc       0x9c ./rt-thread/src/idle.o
                0x000009fc                rt_thread_idle_init
 .text.rt_list_init
                0x00000a98       0x22 ./rt-thread/src/ipc.o
 .text.rt_list_insert_after
                0x00000aba       0x32 ./rt-thread/src/ipc.o
 .text.rt_list_insert_before
                0x00000aec       0x32 ./rt-thread/src/ipc.o
 .text.rt_list_remove
                0x00000b1e       0x36 ./rt-thread/src/ipc.o
 .text.rt_list_isempty
                0x00000b54       0x24 ./rt-thread/src/ipc.o
 .text.rt_spin_lock_irqsave
                0x00000b78       0x16 ./rt-thread/src/ipc.o
 .text._ipc_object_init
                0x00000b8e       0x1c ./rt-thread/src/ipc.o
 *fill*         0x00000baa        0x2 ff
 .text._ipc_list_suspend
                0x00000bac       0xd4 ./rt-thread/src/ipc.o
 .text._ipc_list_resume
                0x00000c80       0x26 ./rt-thread/src/ipc.o
 *fill*         0x00000ca6        0x2 ff
 .text.rt_sem_init
                0x00000ca8       0x88 ./rt-thread/src/ipc.o
                0x00000ca8                rt_sem_init
 .text._rt_sem_take
                0x00000d30      0x1bc ./rt-thread/src/ipc.o
 .text.rt_sem_take
                0x00000eec       0x1e ./rt-thread/src/ipc.o
                0x00000eec                rt_sem_take
 *fill*         0x00000f0a        0x2 ff
 .text.rt_sem_release
                0x00000f0c       0xc8 ./rt-thread/src/ipc.o
                0x00000f0c                rt_sem_release
 .text._mutex_update_priority
                0x00000fd4       0x3e ./rt-thread/src/ipc.o
 .text._thread_get_mutex_priority
                0x00001012       0x64 ./rt-thread/src/ipc.o
 .text._thread_update_priority
                0x00001076       0xd2 ./rt-thread/src/ipc.o
 .text.rt_mutex_init
                0x00001148       0x70 ./rt-thread/src/ipc.o
                0x00001148                rt_mutex_init
 .text.rt_mutex_drop_thread
                0x000011b8       0xe0 ./rt-thread/src/ipc.o
                0x000011b8                rt_mutex_drop_thread
 .text._rt_mutex_take
                0x00001298      0x2fc ./rt-thread/src/ipc.o
 .text.rt_mutex_take
                0x00001594       0x1e ./rt-thread/src/ipc.o
                0x00001594                rt_mutex_take
 *fill*         0x000015b2        0x2 ff
 .text.rt_mutex_release
                0x000015b4      0x1c8 ./rt-thread/src/ipc.o
                0x000015b4                rt_mutex_release
 .text.rt_interrupt_enter
                0x0000177c       0x28 ./rt-thread/src/irq.o
                0x0000177c                rt_interrupt_enter
 .text.rt_interrupt_leave
                0x000017a4       0x28 ./rt-thread/src/irq.o
                0x000017a4                rt_interrupt_leave
 .text.rt_interrupt_get_nest
                0x000017cc       0x18 ./rt-thread/src/irq.o
                0x000017cc                rt_interrupt_get_nest
 .text.rt_hw_interrupt_is_disabled
                0x000017e4       0x10 ./rt-thread/src/irq.o
                0x000017e4                rt_hw_interrupt_is_disabled
 .text.rt_hw_backtrace_frame_get
                0x000017f4       0x34 ./rt-thread/src/kservice.o
                0x000017f4                rt_hw_backtrace_frame_get
 .text.rt_hw_backtrace_frame_unwind
                0x00001828       0x34 ./rt-thread/src/kservice.o
                0x00001828                rt_hw_backtrace_frame_unwind
 .text.rt_strerror
                0x0000185c       0x5c ./rt-thread/src/kservice.o
                0x0000185c                rt_strerror
 .text.rt_set_errno
                0x000018b8       0x44 ./rt-thread/src/kservice.o
                0x000018b8                rt_set_errno
 .text._rt_errno
                0x000018fc       0x38 ./rt-thread/src/kservice.o
                0x000018fc                _rt_errno
 .text.rt_memset
                0x00001934       0xc8 ./rt-thread/src/kservice.o
                0x00001934                rt_memset
 .text.rt_memcpy
                0x000019fc       0xda ./rt-thread/src/kservice.o
                0x000019fc                rt_memcpy
 .text.rt_memmove
                0x00001ad6       0x82 ./rt-thread/src/kservice.o
                0x00001ad6                rt_memmove
 .text.rt_strncpy
                0x00001b58       0x64 ./rt-thread/src/kservice.o
                0x00001b58                rt_strncpy
 .text.rt_strncmp
                0x00001bbc       0x54 ./rt-thread/src/kservice.o
                0x00001bbc                rt_strncmp
 .text.rt_strcmp
                0x00001c10       0x44 ./rt-thread/src/kservice.o
                0x00001c10                rt_strcmp
 .text.rt_strlen
                0x00001c54       0x32 ./rt-thread/src/kservice.o
                0x00001c54                rt_strlen
 *fill*         0x00001c86        0x2 ff
 .text.rt_show_version
                0x00001c88       0x4c ./rt-thread/src/kservice.o
                0x00001c88                rt_show_version
 .text.divide   0x00001cd4       0x38 ./rt-thread/src/kservice.o
 .text.skip_atoi
                0x00001d0c       0x46 ./rt-thread/src/kservice.o
 *fill*         0x00001d52        0x2 ff
 .text.print_number
                0x00001d54      0x348 ./rt-thread/src/kservice.o
 .text.rt_vsnprintf
                0x0000209c      0x59c ./rt-thread/src/kservice.o
                0x0000209c                rt_vsnprintf
 .text.rt_snprintf
                0x00002638       0x34 ./rt-thread/src/kservice.o
                0x00002638                rt_snprintf
 .text.rt_console_get_device
                0x0000266c       0x18 ./rt-thread/src/kservice.o
                0x0000266c                rt_console_get_device
 .text.rt_console_set_device
                0x00002684       0x58 ./rt-thread/src/kservice.o
                0x00002684                rt_console_set_device
 .text.rt_hw_console_output
                0x000026dc       0x14 ./rt-thread/src/kservice.o
                0x000026dc                rt_hw_console_output
 .text.rt_kprintf
                0x000026f0       0x64 ./rt-thread/src/kservice.o
                0x000026f0                rt_kprintf
 .text.rt_backtrace
                0x00002754       0x34 ./rt-thread/src/kservice.o
                0x00002754                rt_backtrace
 .text.rt_backtrace_frame
                0x00002788       0x60 ./rt-thread/src/kservice.o
                0x00002788                rt_backtrace_frame
 .text.rt_backtrace_thread
                0x000027e8       0x40 ./rt-thread/src/kservice.o
                0x000027e8                rt_backtrace_thread
 .text.cmd_backtrace
                0x00002828       0xb8 ./rt-thread/src/kservice.o
 .text._heap_lock_init
                0x000028e0       0x1c ./rt-thread/src/kservice.o
 .text._heap_lock
                0x000028fc       0x28 ./rt-thread/src/kservice.o
 .text._heap_unlock
                0x00002924       0x40 ./rt-thread/src/kservice.o
 .text._smem_info
                0x00002964       0x4c ./rt-thread/src/kservice.o
 .text.rt_system_heap_init
                0x000029b0       0x64 ./rt-thread/src/kservice.o
                0x000029b0                rt_system_heap_init
 .text.rt_malloc
                0x00002a14       0x48 ./rt-thread/src/kservice.o
                0x00002a14                rt_malloc
 .text.rt_calloc
                0x00002a5c       0x3c ./rt-thread/src/kservice.o
                0x00002a5c                rt_calloc
 .text.rt_free  0x00002a98       0x40 ./rt-thread/src/kservice.o
                0x00002a98                rt_free
 .text.rt_memory_info
                0x00002ad8       0x2a ./rt-thread/src/kservice.o
                0x00002ad8                rt_memory_info
 *fill*         0x00002b02        0x2 ff
 .text.rt_assert_handler
                0x00002b04       0x50 ./rt-thread/src/kservice.o
                0x00002b04                rt_assert_handler
 .text.plug_holes
                0x00002b54       0xf8 ./rt-thread/src/mem.o
 .text.rt_smem_init
                0x00002c4c      0x104 ./rt-thread/src/mem.o
                0x00002c4c                rt_smem_init
 .text.rt_smem_alloc
                0x00002d50      0x268 ./rt-thread/src/mem.o
                0x00002d50                rt_smem_alloc
 .text.rt_smem_free
                0x00002fb8      0x140 ./rt-thread/src/mem.o
                0x00002fb8                rt_smem_free
 .text.rt_list_insert_after
                0x000030f8       0x32 ./rt-thread/src/object.o
 .text.rt_list_remove
                0x0000312a       0x36 ./rt-thread/src/object.o
 .text.rt_spin_lock_irqsave
                0x00003160       0x16 ./rt-thread/src/object.o
 *fill*         0x00003176        0x2 ff
 .text.rt_object_get_information
                0x00003178       0x5c ./rt-thread/src/object.o
                0x00003178                rt_object_get_information
 .text.rt_object_init
                0x000031d4       0xd4 ./rt-thread/src/object.o
                0x000031d4                rt_object_init
 .text.rt_object_detach
                0x000032a8       0x84 ./rt-thread/src/object.o
                0x000032a8                rt_object_detach
 .text.rt_object_allocate
                0x0000332c       0xd4 ./rt-thread/src/object.o
                0x0000332c                rt_object_allocate
 .text.rt_object_delete
                0x00003400       0xa4 ./rt-thread/src/object.o
                0x00003400                rt_object_delete
 .text.rt_object_is_systemobject
                0x000034a4       0x3c ./rt-thread/src/object.o
                0x000034a4                rt_object_is_systemobject
 .text.rt_object_get_type
                0x000034e0       0x34 ./rt-thread/src/object.o
                0x000034e0                rt_object_get_type
 .text.rt_object_find
                0x00003514       0xb4 ./rt-thread/src/object.o
                0x00003514                rt_object_find
 .text.rt_list_init
                0x000035c8       0x22 ./rt-thread/src/scheduler_up.o
 .text.rt_list_insert_after
                0x000035ea       0x32 ./rt-thread/src/scheduler_up.o
 .text.rt_list_insert_before
                0x0000361c       0x32 ./rt-thread/src/scheduler_up.o
 .text.rt_list_remove
                0x0000364e       0x36 ./rt-thread/src/scheduler_up.o
 .text.rt_list_isempty
                0x00003684       0x24 ./rt-thread/src/scheduler_up.o
 .text._scheduler_stack_check
                0x000036a8       0x94 ./rt-thread/src/scheduler_up.o
 .text._scheduler_get_highest_priority_thread
                0x0000373c       0x3c ./rt-thread/src/scheduler_up.o
 .text.rt_system_scheduler_init
                0x00003778       0x48 ./rt-thread/src/scheduler_up.o
                0x00003778                rt_system_scheduler_init
 .text.rt_system_scheduler_start
                0x000037c0       0x3c ./rt-thread/src/scheduler_up.o
                0x000037c0                rt_system_scheduler_start
 .text.rt_schedule
                0x000037fc      0x19c ./rt-thread/src/scheduler_up.o
                0x000037fc                rt_schedule
 .text.rt_schedule_insert_thread
                0x00003998       0xd4 ./rt-thread/src/scheduler_up.o
                0x00003998                rt_schedule_insert_thread
 .text.rt_schedule_remove_thread
                0x00003a6c       0x70 ./rt-thread/src/scheduler_up.o
                0x00003a6c                rt_schedule_remove_thread
 .text.rt_critical_level
                0x00003adc       0x1c ./rt-thread/src/scheduler_up.o
                0x00003adc                rt_critical_level
 .text.rt_list_init
                0x00003af8       0x22 ./rt-thread/src/thread.o
 .text.rt_list_remove
                0x00003b1a       0x36 ./rt-thread/src/thread.o
 .text.rt_spin_lock_irqsave
                0x00003b50       0x16 ./rt-thread/src/thread.o
 .text._thread_exit
                0x00003b66       0x5a ./rt-thread/src/thread.o
 .text._thread_timeout
                0x00003bc0       0x90 ./rt-thread/src/thread.o
 .text._thread_init
                0x00003c50      0x140 ./rt-thread/src/thread.o
 .text.rt_thread_init
                0x00003d90       0x70 ./rt-thread/src/thread.o
                0x00003d90                rt_thread_init
 .text.rt_thread_self
                0x00003e00       0x18 ./rt-thread/src/thread.o
                0x00003e00                rt_thread_self
 .text.rt_thread_startup
                0x00003e18       0x94 ./rt-thread/src/thread.o
                0x00003e18                rt_thread_startup
 .text.rt_thread_detach
                0x00003eac       0xe0 ./rt-thread/src/thread.o
                0x00003eac                rt_thread_detach
 .text.rt_thread_create
                0x00003f8c       0x62 ./rt-thread/src/thread.o
                0x00003f8c                rt_thread_create
 *fill*         0x00003fee        0x2 ff
 .text.rt_thread_delete
                0x00003ff0       0xe0 ./rt-thread/src/thread.o
                0x00003ff0                rt_thread_delete
 .text.rt_thread_sleep
                0x000040d0      0x160 ./rt-thread/src/thread.o
                0x000040d0                rt_thread_sleep
 .text.rt_thread_delay
                0x00004230       0x18 ./rt-thread/src/thread.o
                0x00004230                rt_thread_delay
 .text.rt_thread_mdelay
                0x00004248       0x20 ./rt-thread/src/thread.o
                0x00004248                rt_thread_mdelay
 .text.rt_thread_control
                0x00004268      0x120 ./rt-thread/src/thread.o
                0x00004268                rt_thread_control
 .text.rt_thread_set_suspend_state
                0x00004388       0x8c ./rt-thread/src/thread.o
 .text.rt_thread_suspend_with_flag
                0x00004414       0xf8 ./rt-thread/src/thread.o
                0x00004414                rt_thread_suspend_with_flag
 .text.rt_thread_resume
                0x0000450c       0x9c ./rt-thread/src/thread.o
                0x0000450c                rt_thread_resume
 .text.rt_list_init
                0x000045a8       0x22 ./rt-thread/src/timer.o
 .text.rt_list_insert_after
                0x000045ca       0x32 ./rt-thread/src/timer.o
 .text.rt_list_remove
                0x000045fc       0x36 ./rt-thread/src/timer.o
 .text.rt_list_isempty
                0x00004632       0x24 ./rt-thread/src/timer.o
 .text.rt_spin_lock_irqsave
                0x00004656       0x16 ./rt-thread/src/timer.o
 .text._timer_init
                0x0000466c       0x6a ./rt-thread/src/timer.o
 .text._timer_list_next_timeout
                0x000046d6       0x36 ./rt-thread/src/timer.o
 .text._timer_remove
                0x0000470c       0x36 ./rt-thread/src/timer.o
 *fill*         0x00004742        0x2 ff
 .text.rt_timer_init
                0x00004744       0x7c ./rt-thread/src/timer.o
                0x00004744                rt_timer_init
 .text.rt_timer_detach
                0x000047c0       0xb0 ./rt-thread/src/timer.o
                0x000047c0                rt_timer_detach
 .text.rt_timer_start
                0x00004870      0x22c ./rt-thread/src/timer.o
                0x00004870                rt_timer_start
 .text.rt_timer_stop
                0x00004a9c       0xb8 ./rt-thread/src/timer.o
                0x00004a9c                rt_timer_stop
 .text.rt_timer_control
                0x00004b54      0x120 ./rt-thread/src/timer.o
                0x00004b54                rt_timer_control
 .text.rt_timer_check
                0x00004c74      0x11c ./rt-thread/src/timer.o
                0x00004c74                rt_timer_check
 .text.rt_soft_timer_check
                0x00004d90      0x124 ./rt-thread/src/timer.o
                0x00004d90                rt_soft_timer_check
 .text._timer_thread_entry
                0x00004eb4       0x74 ./rt-thread/src/timer.o
 .text.rt_system_timer_init
                0x00004f28       0x34 ./rt-thread/src/timer.o
                0x00004f28                rt_system_timer_init
 .text.rt_system_timer_thread_init
                0x00004f5c       0x68 ./rt-thread/src/timer.o
                0x00004f5c                rt_system_timer_thread_init
 .text          0x00004fc4      0x144 ./rt-thread/libcpu/arm/cortex-m4/context_gcc.o
                0x00004fc4                rt_hw_interrupt_disable
                0x00004fcc                rt_hw_interrupt_enable
                0x00004fd2                rt_hw_context_switch_interrupt
                0x00004fd2                rt_hw_context_switch
                0x00004ff2                PendSV_Handler
                0x0000505e                rt_hw_context_switch_to
                0x000050ac                rt_hw_interrupt_thread_switch
                0x000050b0                HardFault_Handler
 .text.rt_hw_stack_init
                0x00005108       0x90 ./rt-thread/libcpu/arm/cortex-m4/cpuport.o
                0x00005108                rt_hw_stack_init
 .text.usage_fault_track
                0x00005198       0xc4 ./rt-thread/libcpu/arm/cortex-m4/cpuport.o
 .text.bus_fault_track
                0x0000525c       0xcc ./rt-thread/libcpu/arm/cortex-m4/cpuport.o
 .text.mem_manage_fault_track
                0x00005328       0xb4 ./rt-thread/libcpu/arm/cortex-m4/cpuport.o
 .text.hard_fault_track
                0x000053dc       0x78 ./rt-thread/libcpu/arm/cortex-m4/cpuport.o
 .text.rt_hw_hard_fault_exception
                0x00005454      0x184 ./rt-thread/libcpu/arm/cortex-m4/cpuport.o
                0x00005454                rt_hw_hard_fault_exception
 .text.__rt_ffs
                0x000055d8       0x2a ./rt-thread/libcpu/arm/cortex-m4/cpuport.o
                0x000055d8                __rt_ffs
 .text.rt_hw_atomic_load
                0x00005602       0x3e ./rt-thread/libcpu/arm/common/atomic_arm.o
                0x00005602                rt_hw_atomic_load
 .text.rt_hw_atomic_store
                0x00005640       0x3c ./rt-thread/libcpu/arm/common/atomic_arm.o
                0x00005640                rt_hw_atomic_store
 .text.rt_hw_atomic_add
                0x0000567c       0x44 ./rt-thread/libcpu/arm/common/atomic_arm.o
                0x0000567c                rt_hw_atomic_add
 .text.rt_hw_atomic_sub
                0x000056c0       0x44 ./rt-thread/libcpu/arm/common/atomic_arm.o
                0x000056c0                rt_hw_atomic_sub
 .text.rt_hw_atomic_compare_exchange_strong
                0x00005704       0x76 ./rt-thread/libcpu/arm/common/atomic_arm.o
                0x00005704                rt_hw_atomic_compare_exchange_strong
 .text.__errno  0x0000577a        0xe ./rt-thread/components/libc/compilers/newlib/syscalls.o
                0x0000577a                __errno
 .text.rt_list_isempty
                0x00005788       0x24 ./rt-thread/components/finsh/cmd.o
 .text.rt_list_len
                0x000057ac       0x36 ./rt-thread/components/finsh/cmd.o
 .text.rt_spin_lock_irqsave
                0x000057e2       0x16 ./rt-thread/components/finsh/cmd.o
 .text.clear    0x000057f8       0x14 ./rt-thread/components/finsh/cmd.o
 .text.version  0x0000580c        0xe ./rt-thread/components/finsh/cmd.o
                0x0000580c                version
 *fill*         0x0000581a        0x2 ff
 .text.object_split
                0x0000581c       0x28 ./rt-thread/components/finsh/cmd.o
 .text.list_find_init
                0x00005844       0x46 ./rt-thread/components/finsh/cmd.o
 .text.list_get_next
                0x0000588a       0xcc ./rt-thread/components/finsh/cmd.o
 *fill*         0x00005956        0x2 ff
 .text.list_thread
                0x00005958      0x258 ./rt-thread/components/finsh/cmd.o
                0x00005958                list_thread
 .text.show_wait_queue
                0x00005bb0       0x54 ./rt-thread/components/finsh/cmd.o
 .text.list_sem
                0x00005c04      0x134 ./rt-thread/components/finsh/cmd.o
                0x00005c04                list_sem
 .text.list_event
                0x00005d38      0x120 ./rt-thread/components/finsh/cmd.o
                0x00005d38                list_event
 .text.list_mutex
                0x00005e58      0x160 ./rt-thread/components/finsh/cmd.o
                0x00005e58                list_mutex
 .text.list_mailbox
                0x00005fb8      0x144 ./rt-thread/components/finsh/cmd.o
                0x00005fb8                list_mailbox
 .text.list_msgqueue
                0x000060fc      0x134 ./rt-thread/components/finsh/cmd.o
                0x000060fc                list_msgqueue
 .text.list_timer
                0x00006230      0x130 ./rt-thread/components/finsh/cmd.o
                0x00006230                list_timer
 .text.list_device
                0x00006360      0x10c ./rt-thread/components/finsh/cmd.o
                0x00006360                list_device
 .text.cmd_list
                0x0000646c       0xb4 ./rt-thread/components/finsh/cmd.o
                0x0000646c                cmd_list
 .text.msh_help
                0x00006520       0x5c ./rt-thread/components/finsh/msh.o
                0x00006520                msh_help
 .text.cmd_ps   0x0000657c       0x18 ./rt-thread/components/finsh/msh.o
                0x0000657c                cmd_ps
 .text.cmd_free
                0x00006594       0x70 ./rt-thread/components/finsh/msh.o
                0x00006594                cmd_free
 .text.msh_split
                0x00006604      0x170 ./rt-thread/components/finsh/msh.o
 .text.msh_get_cmd
                0x00006774       0x64 ./rt-thread/components/finsh/msh.o
 .text._msh_exec_cmd
                0x000067d8       0xd4 ./rt-thread/components/finsh/msh.o
 .text.msh_exec
                0x000068ac       0x90 ./rt-thread/components/finsh/msh.o
                0x000068ac                msh_exec
 .text.str_common
                0x0000693c       0x4a ./rt-thread/components/finsh/msh.o
 *fill*         0x00006986        0x2 ff
 .text.msh_auto_complete
                0x00006988       0xb0 ./rt-thread/components/finsh/msh.o
                0x00006988                msh_auto_complete
 .text.msh_get_cmd_opt
                0x00006a38       0x84 ./rt-thread/components/finsh/msh.o
 .text.msh_get_argc
                0x00006abc       0x5a ./rt-thread/components/finsh/msh.o
 *fill*         0x00006b16        0x2 ff
 .text.msh_opt_complete
                0x00006b18       0xac ./rt-thread/components/finsh/msh.o
 .text.msh_opt_help
                0x00006bc4       0x44 ./rt-thread/components/finsh/msh.o
 .text.msh_opt_auto_complete
                0x00006c08       0x9a ./rt-thread/components/finsh/msh.o
                0x00006c08                msh_opt_auto_complete
 .text.msh_cmd_opt_id_get
                0x00006ca2       0x5a ./rt-thread/components/finsh/msh.o
                0x00006ca2                msh_cmd_opt_id_get
 .text.msh_opt_list_dump
                0x00006cfc       0x40 ./rt-thread/components/finsh/msh.o
                0x00006cfc                msh_opt_list_dump
 .text.msh_isint
                0x00006d3c       0x6c ./rt-thread/components/finsh/msh_parse.o
                0x00006d3c                msh_isint
 .text.finsh_get_prompt
                0x00006da8       0x78 ./rt-thread/components/finsh/shell.o
                0x00006da8                finsh_get_prompt
 .text.finsh_set_prompt_mode
                0x00006e20       0x48 ./rt-thread/components/finsh/shell.o
                0x00006e20                finsh_set_prompt_mode
 .text.finsh_getchar
                0x00006e68       0x90 ./rt-thread/components/finsh/shell.o
                0x00006e68                finsh_getchar
 .text.finsh_rx_ind
                0x00006ef8       0x3c ./rt-thread/components/finsh/shell.o
 .text.finsh_set_device
                0x00006f34       0xd8 ./rt-thread/components/finsh/shell.o
                0x00006f34                finsh_set_device
 .text.shell_auto_complete
                0x0000700c       0x3c ./rt-thread/components/finsh/shell.o
 .text.shell_handle_history
                0x00007048       0x34 ./rt-thread/components/finsh/shell.o
 .text.shell_push_history
                0x0000707c      0x15e ./rt-thread/components/finsh/shell.o
 *fill*         0x000071da        0x2 ff
 .text.finsh_thread_entry
                0x000071dc      0x5cc ./rt-thread/components/finsh/shell.o
                0x000071dc                finsh_thread_entry
 .text.finsh_system_function_init
                0x000077a8       0x2c ./rt-thread/components/finsh/shell.o
                0x000077a8                finsh_system_function_init
 .text.finsh_system_init
                0x000077d4       0x9c ./rt-thread/components/finsh/shell.o
                0x000077d4                finsh_system_init
 .text.rt_serial_get_linear_buffer
                0x00007870       0x7c ./rt-thread/components/drivers/serial/serial_v2.o
 .text.rt_serial_update_read_index
                0x000078ec       0xbc ./rt-thread/components/drivers/serial/serial_v2.o
 .text.rt_serial_update_write_index
                0x000079a8       0xe8 ./rt-thread/components/drivers/serial/serial_v2.o
 .text._serial_poll_rx
                0x00007a90       0xa4 ./rt-thread/components/drivers/serial/serial_v2.o
                0x00007a90                _serial_poll_rx
 .text._serial_poll_tx
                0x00007b34       0x9c ./rt-thread/components/drivers/serial/serial_v2.o
                0x00007b34                _serial_poll_tx
 .text._serial_fifo_rx
                0x00007bd0       0xf4 ./rt-thread/components/drivers/serial/serial_v2.o
 .text._serial_fifo_tx_blocking_nbuf
                0x00007cc4       0xd8 ./rt-thread/components/drivers/serial/serial_v2.o
 .text._serial_fifo_tx_blocking_buf
                0x00007d9c      0x11c ./rt-thread/components/drivers/serial/serial_v2.o
 .text._serial_fifo_tx_nonblocking
                0x00007eb8       0xd0 ./rt-thread/components/drivers/serial/serial_v2.o
 .text.rt_serial_tx_enable
                0x00007f88      0x1f0 ./rt-thread/components/drivers/serial/serial_v2.o
 .text.rt_serial_rx_enable
                0x00008178      0x158 ./rt-thread/components/drivers/serial/serial_v2.o
 .text.rt_serial_rx_disable
                0x000082d0       0xb4 ./rt-thread/components/drivers/serial/serial_v2.o
 .text.rt_serial_tx_disable
                0x00008384       0xcc ./rt-thread/components/drivers/serial/serial_v2.o
 .text.rt_serial_init
                0x00008450       0x78 ./rt-thread/components/drivers/serial/serial_v2.o
 .text.rt_serial_open
                0x000084c8       0xf4 ./rt-thread/components/drivers/serial/serial_v2.o
 .text.rt_serial_close
                0x000085bc       0x90 ./rt-thread/components/drivers/serial/serial_v2.o
 .text.rt_serial_control
                0x0000864c      0x124 ./rt-thread/components/drivers/serial/serial_v2.o
 .text.rt_hw_serial_register
                0x00008770       0x94 ./rt-thread/components/drivers/serial/serial_v2.o
                0x00008770                rt_hw_serial_register
 .text.rt_hw_serial_isr
                0x00008804      0x230 ./rt-thread/components/drivers/serial/serial_v2.o
                0x00008804                rt_hw_serial_isr
 .text._pin_read
                0x00008a34       0x60 ./rt-thread/components/drivers/misc/pin.o
 .text._pin_write
                0x00008a94       0x5c ./rt-thread/components/drivers/misc/pin.o
 .text._pin_control
                0x00008af0       0x54 ./rt-thread/components/drivers/misc/pin.o
 .text.rt_device_pin_register
                0x00008b44       0x74 ./rt-thread/components/drivers/misc/pin.o
                0x00008b44                rt_device_pin_register
 .text.rt_pin_mode
                0x00008bb8       0x40 ./rt-thread/components/drivers/misc/pin.o
                0x00008bb8                rt_pin_mode
 .text.rt_pin_write
                0x00008bf8       0x40 ./rt-thread/components/drivers/misc/pin.o
                0x00008bf8                rt_pin_write
 .text.rt_pin_read
                0x00008c38       0x3c ./rt-thread/components/drivers/misc/pin.o
                0x00008c38                rt_pin_read
 .text.rt_pin_get
                0x00008c74       0x4c ./rt-thread/components/drivers/misc/pin.o
                0x00008c74                rt_pin_get
 .text._pin_cmd_conv
                0x00008cc0       0x18 ./rt-thread/components/drivers/misc/pin.o
 .text._pin_cmd_print_usage
                0x00008cd8       0x78 ./rt-thread/components/drivers/misc/pin.o
 .text._pin_cmd_get
                0x00008d50       0x5c ./rt-thread/components/drivers/misc/pin.o
 .text._pin_cmd_mode
                0x00008dac      0x110 ./rt-thread/components/drivers/misc/pin.o
 .text._pin_cmd_read
                0x00008ebc       0x94 ./rt-thread/components/drivers/misc/pin.o
 .text._pin_cmd_write
                0x00008f50       0xe4 ./rt-thread/components/drivers/misc/pin.o
 .text._pin_cmd
                0x00009034       0xac ./rt-thread/components/drivers/misc/pin.o
 .text.rt_list_init
                0x000090e0       0x22 ./rt-thread/components/drivers/ipc/completion.o
 .text.rt_list_insert_before
                0x00009102       0x32 ./rt-thread/components/drivers/ipc/completion.o
 .text.rt_list_isempty
                0x00009134       0x24 ./rt-thread/components/drivers/ipc/completion.o
 .text.rt_spin_lock_irqsave
                0x00009158       0x16 ./rt-thread/components/drivers/ipc/completion.o
 *fill*         0x0000916e        0x2 ff
 .text.rt_completion_init
                0x00009170       0x4c ./rt-thread/components/drivers/ipc/completion.o
                0x00009170                rt_completion_init
 .text.rt_completion_wait
                0x000091bc      0x184 ./rt-thread/components/drivers/ipc/completion.o
                0x000091bc                rt_completion_wait
 .text.rt_completion_done
                0x00009340       0x74 ./rt-thread/components/drivers/ipc/completion.o
                0x00009340                rt_completion_done
 .text.rt_ringbuffer_status
                0x000093b4       0x4a ./rt-thread/components/drivers/ipc/ringbuffer.o
 *fill*         0x000093fe        0x2 ff
 .text.rt_ringbuffer_init
                0x00009400       0x94 ./rt-thread/components/drivers/ipc/ringbuffer.o
                0x00009400                rt_ringbuffer_init
 .text.rt_ringbuffer_put
                0x00009494      0x13c ./rt-thread/components/drivers/ipc/ringbuffer.o
                0x00009494                rt_ringbuffer_put
 .text.rt_ringbuffer_get
                0x000095d0      0x130 ./rt-thread/components/drivers/ipc/ringbuffer.o
                0x000095d0                rt_ringbuffer_get
 .text.rt_ringbuffer_putchar
                0x00009700       0xb0 ./rt-thread/components/drivers/ipc/ringbuffer.o
                0x00009700                rt_ringbuffer_putchar
 .text.rt_ringbuffer_data_len
                0x000097b0       0x5e ./rt-thread/components/drivers/ipc/ringbuffer.o
                0x000097b0                rt_ringbuffer_data_len
 .text.rt_device_register
                0x0000980e       0x54 ./rt-thread/components/drivers/core/device.o
                0x0000980e                rt_device_register
 .text.rt_device_find
                0x00009862       0x1a ./rt-thread/components/drivers/core/device.o
                0x00009862                rt_device_find
 .text.rt_device_open
                0x0000987c      0x150 ./rt-thread/components/drivers/core/device.o
                0x0000987c                rt_device_open
 .text.rt_device_close
                0x000099cc       0x9c ./rt-thread/components/drivers/core/device.o
                0x000099cc                rt_device_close
 .text.rt_device_read
                0x00009a68       0x88 ./rt-thread/components/drivers/core/device.o
                0x00009a68                rt_device_read
 .text.rt_device_write
                0x00009af0       0x88 ./rt-thread/components/drivers/core/device.o
                0x00009af0                rt_device_write
 .text.rt_device_set_rx_indicate
                0x00009b78       0x54 ./rt-thread/components/drivers/core/device.o
                0x00009b78                rt_device_set_rx_indicate
 .text.main     0x00009bcc        0xe ./ra_gen/main.o
                0x00009bcc                main
 .text.R_FSP_CurrentIrqGet
                0x00009bda       0x2c ./ra/fsp/src/r_sci_uart/r_sci_uart.o
 *fill*         0x00009c06        0x2 ff
 .text.R_FSP_IsrContextSet
                0x00009c08       0x28 ./ra/fsp/src/r_sci_uart/r_sci_uart.o
 .text.R_BSP_IrqStatusClear
                0x00009c30       0x30 ./ra/fsp/src/r_sci_uart/r_sci_uart.o
 .text.R_BSP_IrqClearPending
                0x00009c60       0x40 ./ra/fsp/src/r_sci_uart/r_sci_uart.o
 .text.R_BSP_IrqCfg
                0x00009ca0       0x3c ./ra/fsp/src/r_sci_uart/r_sci_uart.o
 .text.R_BSP_IrqEnableNoClear
                0x00009cdc       0x38 ./ra/fsp/src/r_sci_uart/r_sci_uart.o
 .text.R_BSP_IrqEnable
                0x00009d14       0x26 ./ra/fsp/src/r_sci_uart/r_sci_uart.o
 *fill*         0x00009d3a        0x2 ff
 .text.R_BSP_IrqDisable
                0x00009d3c       0x48 ./ra/fsp/src/r_sci_uart/r_sci_uart.o
 .text.R_FSP_IsrContextGet
                0x00009d84       0x24 ./ra/fsp/src/r_sci_uart/r_sci_uart.o
 .text.R_SCI_UART_Open
                0x00009da8      0x1ac ./ra/fsp/src/r_sci_uart/r_sci_uart.o
                0x00009da8                R_SCI_UART_Open
 .text.r_sci_uart_config_set
                0x00009f54      0x10e ./ra/fsp/src/r_sci_uart/r_sci_uart.o
 .text.r_sci_irq_cfg
                0x0000a062       0x3a ./ra/fsp/src/r_sci_uart/r_sci_uart.o
 .text.r_sci_irqs_cfg
                0x0000a09c       0x5a ./ra/fsp/src/r_sci_uart/r_sci_uart.o
 .text.r_sci_uart_baud_set
                0x0000a0f6       0x58 ./ra/fsp/src/r_sci_uart/r_sci_uart.o
 .text.r_sci_uart_call_callback
                0x0000a14e       0x76 ./ra/fsp/src/r_sci_uart/r_sci_uart.o
 .text.sci_uart_txi_isr
                0x0000a1c4       0xd0 ./ra/fsp/src/r_sci_uart/r_sci_uart.o
                0x0000a1c4                sci_uart_txi_isr
 .text.sci_uart_rxi_isr
                0x0000a294       0xbc ./ra/fsp/src/r_sci_uart/r_sci_uart.o
                0x0000a294                sci_uart_rxi_isr
 .text.sci_uart_tei_isr
                0x0000a350       0x4a ./ra/fsp/src/r_sci_uart/r_sci_uart.o
                0x0000a350                sci_uart_tei_isr
 .text.sci_uart_eri_isr
                0x0000a39a       0xa8 ./ra/fsp/src/r_sci_uart/r_sci_uart.o
                0x0000a39a                sci_uart_eri_isr
 *fill*         0x0000a442        0x2 ff
 .text.R_BSP_PinRead
                0x0000a444       0x38 ./ra/fsp/src/r_ioport/r_ioport.o
 .text.R_BSP_PinAccessEnable
                0x0000a47c       0x60 ./ra/fsp/src/r_ioport/r_ioport.o
 .text.R_BSP_PinAccessDisable
                0x0000a4dc       0x68 ./ra/fsp/src/r_ioport/r_ioport.o
 .text.R_IOPORT_Open
                0x0000a544       0x28 ./ra/fsp/src/r_ioport/r_ioport.o
                0x0000a544                R_IOPORT_Open
 .text.R_IOPORT_Close
                0x0000a56c       0x20 ./ra/fsp/src/r_ioport/r_ioport.o
                0x0000a56c                R_IOPORT_Close
 .text.R_IOPORT_PinsCfg
                0x0000a58c       0x1a ./ra/fsp/src/r_ioport/r_ioport.o
                0x0000a58c                R_IOPORT_PinsCfg
 .text.R_IOPORT_PinCfg
                0x0000a5a6       0x46 ./ra/fsp/src/r_ioport/r_ioport.o
                0x0000a5a6                R_IOPORT_PinCfg
 .text.R_IOPORT_PinRead
                0x0000a5ec       0x28 ./ra/fsp/src/r_ioport/r_ioport.o
                0x0000a5ec                R_IOPORT_PinRead
 .text.R_IOPORT_PortRead
                0x0000a614       0x3a ./ra/fsp/src/r_ioport/r_ioport.o
                0x0000a614                R_IOPORT_PortRead
 .text.R_IOPORT_PortWrite
                0x0000a64e       0x62 ./ra/fsp/src/r_ioport/r_ioport.o
                0x0000a64e                R_IOPORT_PortWrite
 .text.R_IOPORT_PinWrite
                0x0000a6b0       0x6e ./ra/fsp/src/r_ioport/r_ioport.o
                0x0000a6b0                R_IOPORT_PinWrite
 .text.R_IOPORT_PortDirectionSet
                0x0000a71e       0x72 ./ra/fsp/src/r_ioport/r_ioport.o
                0x0000a71e                R_IOPORT_PortDirectionSet
 .text.R_IOPORT_PortEventInputRead
                0x0000a790       0x3e ./ra/fsp/src/r_ioport/r_ioport.o
                0x0000a790                R_IOPORT_PortEventInputRead
 .text.R_IOPORT_PinEventInputRead
                0x0000a7ce       0x62 ./ra/fsp/src/r_ioport/r_ioport.o
                0x0000a7ce                R_IOPORT_PinEventInputRead
 .text.R_IOPORT_PortEventOutputWrite
                0x0000a830       0x62 ./ra/fsp/src/r_ioport/r_ioport.o
                0x0000a830                R_IOPORT_PortEventOutputWrite
 .text.R_IOPORT_PinEventOutputWrite
                0x0000a892       0x5e ./ra/fsp/src/r_ioport/r_ioport.o
                0x0000a892                R_IOPORT_PinEventOutputWrite
 .text.R_IOPORT_EthernetModeCfg
                0x0000a8f0       0x28 ./ra/fsp/src/r_ioport/r_ioport.o
                0x0000a8f0                R_IOPORT_EthernetModeCfg
 .text.r_ioport_pins_config
                0x0000a918       0x56 ./ra/fsp/src/r_ioport/r_ioport.o
 .text.r_ioport_hw_pin_event_output_data_write
                0x0000a96e       0x88 ./ra/fsp/src/r_ioport/r_ioport.o
 *fill*         0x0000a9f6        0x2 ff
 .text.r_ioport_pfs_write
                0x0000a9f8       0x78 ./ra/fsp/src/r_ioport/r_ioport.o
 .text.bsp_vbatt_init
                0x0000aa70       0xd8 ./ra/fsp/src/r_ioport/r_ioport.o
 .text.R_BSP_FlashCacheDisable
                0x0000ab48       0x1c ./ra/fsp/src/bsp/mcu/all/bsp_clocks.o
 .text.R_BSP_FlashCacheEnable
                0x0000ab64       0x30 ./ra/fsp/src/bsp/mcu/all/bsp_clocks.o
 .text.SystemCoreClockUpdate
                0x0000ab94       0x40 ./ra/fsp/src/bsp/mcu/all/bsp_clocks.o
                0x0000ab94                SystemCoreClockUpdate
 .text.bsp_prv_clock_set_hard_reset
                0x0000abd4       0x30 ./ra/fsp/src/bsp/mcu/all/bsp_clocks.o
 .text.bsp_clock_freq_var_init
                0x0000ac04       0x48 ./ra/fsp/src/bsp/mcu/all/bsp_clocks.o
 .text.bsp_clock_init
                0x0000ac4c       0xc0 ./ra/fsp/src/bsp/mcu/all/bsp_clocks.o
                0x0000ac4c                bsp_clock_init
 .text.bsp_init_internal
                0x0000ad0c       0x14 ./ra/fsp/src/bsp/mcu/all/bsp_common.o
                0x0000ad0c                bsp_init_internal
                0x0000ad0c                bsp_init
 .text.bsp_group_irq_call
                0x0000ad20       0x30 ./ra/fsp/src/bsp/mcu/all/bsp_group_irq.o
 .text.NMI_Handler
                0x0000ad50       0x4c ./ra/fsp/src/bsp/mcu/all/bsp_group_irq.o
                0x0000ad50                NMI_Handler
 .text.bsp_irq_cfg
                0x0000ad9c       0x44 ./ra/fsp/src/bsp/mcu/all/bsp_irq.o
                0x0000ad9c                bsp_irq_cfg
 .text.R_BSP_RegisterProtectEnable
                0x0000ade0       0xa0 ./ra/fsp/src/bsp/mcu/all/bsp_register_protection.o
                0x0000ade0                R_BSP_RegisterProtectEnable
 .text.R_BSP_RegisterProtectDisable
                0x0000ae80       0x90 ./ra/fsp/src/bsp/mcu/all/bsp_register_protection.o
                0x0000ae80                R_BSP_RegisterProtectDisable
 .text.Reset_Handler
                0x0000af10        0xe ./ra/fsp/src/bsp/cmsis/Device/RENESAS/Source/startup.o
                0x0000af10                Reset_Handler
 .text.Default_Handler
                0x0000af1e       0x10 ./ra/fsp/src/bsp/cmsis/Device/RENESAS/Source/startup.o
                0x0000af1e                UsageFault_Handler
                0x0000af1e                SecureFault_Handler
                0x0000af1e                Default_Handler
                0x0000af1e                MemManage_Handler
                0x0000af1e                SVC_Handler
                0x0000af1e                BusFault_Handler
                0x0000af1e                DebugMon_Handler
 *fill*         0x0000af2e        0x2 ff
 .text.SystemInit
                0x0000af30       0xe8 ./ra/fsp/src/bsp/cmsis/Device/RENESAS/Source/system.o
                0x0000af30                SystemInit
 .text.__NVIC_SetPriority
                0x0000b018       0x54 ./libraries/HAL_Drivers/drv_common.o
 .text.__NVIC_SystemReset
                0x0000b06c       0x2c ./libraries/HAL_Drivers/drv_common.o
 .text.SysTick_Config
                0x0000b098       0x44 ./libraries/HAL_Drivers/drv_common.o
 .text.reboot   0x0000b0dc       0x10 ./libraries/HAL_Drivers/drv_common.o
 .text.rt_hw_systick_init
                0x0000b0ec       0x2c ./libraries/HAL_Drivers/drv_common.o
                0x0000b0ec                rt_hw_systick_init
 .text.SysTick_Handler
                0x0000b118       0x14 ./libraries/HAL_Drivers/drv_common.o
                0x0000b118                SysTick_Handler
 .text.rt_hw_board_init
                0x0000b12c       0x34 ./libraries/HAL_Drivers/drv_common.o
                0x0000b12c                rt_hw_board_init
 .text.R_BSP_WarmStart
                0x0000b160       0x2c ./libraries/HAL_Drivers/drv_common.o
                0x0000b160                R_BSP_WarmStart
 .text.R_BSP_PinRead
                0x0000b18c       0x38 ./libraries/HAL_Drivers/drv_gpio.o
 .text.R_BSP_PinWrite
                0x0000b1c4       0x68 ./libraries/HAL_Drivers/drv_gpio.o
 .text.R_BSP_PinAccessEnable
                0x0000b22c       0x60 ./libraries/HAL_Drivers/drv_gpio.o
 .text.R_BSP_PinAccessDisable
                0x0000b28c       0x68 ./libraries/HAL_Drivers/drv_gpio.o
 .text.ra_pin_mode
                0x0000b2f4       0xf4 ./libraries/HAL_Drivers/drv_gpio.o
 .text.ra_pin_write
                0x0000b3e8       0x3c ./libraries/HAL_Drivers/drv_gpio.o
 .text.ra_pin_read
                0x0000b424       0x50 ./libraries/HAL_Drivers/drv_gpio.o
 .text.ra_pin_irq_enable
                0x0000b474       0x1e ./libraries/HAL_Drivers/drv_gpio.o
 .text.ra_pin_attach_irq
                0x0000b492       0x20 ./libraries/HAL_Drivers/drv_gpio.o
 .text.ra_pin_dettach_irq
                0x0000b4b2       0x1a ./libraries/HAL_Drivers/drv_gpio.o
 .text.ra_pin_get
                0x0000b4cc       0xce ./libraries/HAL_Drivers/drv_gpio.o
 *fill*         0x0000b59a        0x2 ff
 .text.rt_hw_pin_init
                0x0000b59c       0x1c ./libraries/HAL_Drivers/drv_gpio.o
                0x0000b59c                rt_hw_pin_init
 .text.ra_uart_get_config
                0x0000b5b8       0x50 ./libraries/HAL_Drivers/drv_usart_v2.o
 .text.ra_uart_configure
                0x0000b608       0x80 ./libraries/HAL_Drivers/drv_usart_v2.o
 .text.ra_uart_control
                0x0000b688       0x1a ./libraries/HAL_Drivers/drv_usart_v2.o
 *fill*         0x0000b6a2        0x2 ff
 .text.ra_uart_putc
                0x0000b6a4       0x68 ./libraries/HAL_Drivers/drv_usart_v2.o
 .text.ra_uart_getc
                0x0000b70c       0x16 ./libraries/HAL_Drivers/drv_usart_v2.o
 *fill*         0x0000b722        0x2 ff
 .text.ra_uart_transmit
                0x0000b724       0x54 ./libraries/HAL_Drivers/drv_usart_v2.o
 .text.user_uart9_callback
                0x0000b778       0x78 ./libraries/HAL_Drivers/drv_usart_v2.o
                0x0000b778                user_uart9_callback
 .text.rt_hw_usart_init
                0x0000b7f0       0xb0 ./libraries/HAL_Drivers/drv_usart_v2.o
                0x0000b7f0                rt_hw_usart_init
 .text.atoi     0x0000b8a0        0x8 d:/apps/rt-threadstudio/repo/extract/toolchain_support_packages/arm/gnu_tools_for_arm_embedded_processors/10.2.1/bin/../lib/gcc/arm-none-eabi/10.2.1/../../../../arm-none-eabi/lib/thumb/v7e-m+fp/hard\libc.a(lib_a-atoi.o)
                0x0000b8a0                atoi
 .text.memcmp   0x0000b8a8       0x64 d:/apps/rt-threadstudio/repo/extract/toolchain_support_packages/arm/gnu_tools_for_arm_embedded_processors/10.2.1/bin/../lib/gcc/arm-none-eabi/10.2.1/../../../../arm-none-eabi/lib/thumb/v7e-m+fp/hard\libc.a(lib_a-memcmp.o)
                0x0000b8a8                memcmp
 .text          0x0000b90c      0x134 d:/apps/rt-threadstudio/repo/extract/toolchain_support_packages/arm/gnu_tools_for_arm_embedded_processors/10.2.1/bin/../lib/gcc/arm-none-eabi/10.2.1/../../../../arm-none-eabi/lib/thumb/v7e-m+fp/hard\libc.a(lib_a-memcpy.o)
                0x0000b90c                memcpy
 .text.memset   0x0000ba40       0xa4 d:/apps/rt-threadstudio/repo/extract/toolchain_support_packages/arm/gnu_tools_for_arm_embedded_processors/10.2.1/bin/../lib/gcc/arm-none-eabi/10.2.1/../../../../arm-none-eabi/lib/thumb/v7e-m+fp/hard\libc.a(lib_a-memset.o)
                0x0000ba40                memset
 .text.strchr   0x0000bae4       0xcc d:/apps/rt-threadstudio/repo/extract/toolchain_support_packages/arm/gnu_tools_for_arm_embedded_processors/10.2.1/bin/../lib/gcc/arm-none-eabi/10.2.1/../../../../arm-none-eabi/lib/thumb/v7e-m+fp/hard\libc.a(lib_a-strchr.o)
                0x0000bae4                strchr
 *fill*         0x0000bbb0       0x10 ff
 .text          0x0000bbc0      0x2dc d:/apps/rt-threadstudio/repo/extract/toolchain_support_packages/arm/gnu_tools_for_arm_embedded_processors/10.2.1/bin/../lib/gcc/arm-none-eabi/10.2.1/../../../../arm-none-eabi/lib/thumb/v7e-m+fp/hard\libc.a(lib_a-strcmp.o)
                0x0000bbc8                strcmp
 *fill*         0x0000be9c       0x24 ff
 .text          0x0000bec0       0xdc d:/apps/rt-threadstudio/repo/extract/toolchain_support_packages/arm/gnu_tools_for_arm_embedded_processors/10.2.1/bin/../lib/gcc/arm-none-eabi/10.2.1/../../../../arm-none-eabi/lib/thumb/v7e-m+fp/hard\libc.a(lib_a-strlen.o)
                0x0000bec0                strlen
 .text.strncmp  0x0000bf9c       0x80 d:/apps/rt-threadstudio/repo/extract/toolchain_support_packages/arm/gnu_tools_for_arm_embedded_processors/10.2.1/bin/../lib/gcc/arm-none-eabi/10.2.1/../../../../arm-none-eabi/lib/thumb/v7e-m+fp/hard\libc.a(lib_a-strncmp.o)
                0x0000bf9c                strncmp
 .text.strncpy  0x0000c01c       0x64 d:/apps/rt-threadstudio/repo/extract/toolchain_support_packages/arm/gnu_tools_for_arm_embedded_processors/10.2.1/bin/../lib/gcc/arm-none-eabi/10.2.1/../../../../arm-none-eabi/lib/thumb/v7e-m+fp/hard\libc.a(lib_a-strncpy.o)
                0x0000c01c                strncpy
 .text._strtol_l.part.0
                0x0000c080      0x120 d:/apps/rt-threadstudio/repo/extract/toolchain_support_packages/arm/gnu_tools_for_arm_embedded_processors/10.2.1/bin/../lib/gcc/arm-none-eabi/10.2.1/../../../../arm-none-eabi/lib/thumb/v7e-m+fp/hard\libc.a(lib_a-strtol.o)
 .text.strtol   0x0000c1a0       0x2c d:/apps/rt-threadstudio/repo/extract/toolchain_support_packages/arm/gnu_tools_for_arm_embedded_processors/10.2.1/bin/../lib/gcc/arm-none-eabi/10.2.1/../../../../arm-none-eabi/lib/thumb/v7e-m+fp/hard\libc.a(lib_a-strtol.o)
                0x0000c1a0                strtol
 .text.startup.register_fini
                0x0000c1cc       0x14 d:/apps/rt-threadstudio/repo/extract/toolchain_support_packages/arm/gnu_tools_for_arm_embedded_processors/10.2.1/bin/../lib/gcc/arm-none-eabi/10.2.1/../../../../arm-none-eabi/lib/thumb/v7e-m+fp/hard\libc.a(lib_a-__call_atexit.o)
 .text.atexit   0x0000c1e0        0xc d:/apps/rt-threadstudio/repo/extract/toolchain_support_packages/arm/gnu_tools_for_arm_embedded_processors/10.2.1/bin/../lib/gcc/arm-none-eabi/10.2.1/../../../../arm-none-eabi/lib/thumb/v7e-m+fp/hard\libc.a(lib_a-atexit.o)
                0x0000c1e0                atexit
 .text.__libc_fini_array
                0x0000c1ec       0x2c d:/apps/rt-threadstudio/repo/extract/toolchain_support_packages/arm/gnu_tools_for_arm_embedded_processors/10.2.1/bin/../lib/gcc/arm-none-eabi/10.2.1/../../../../arm-none-eabi/lib/thumb/v7e-m+fp/hard\libc.a(lib_a-fini.o)
                0x0000c1ec                __libc_fini_array
 .text.__retarget_lock_acquire_recursive
                0x0000c218        0x4 d:/apps/rt-threadstudio/repo/extract/toolchain_support_packages/arm/gnu_tools_for_arm_embedded_processors/10.2.1/bin/../lib/gcc/arm-none-eabi/10.2.1/../../../../arm-none-eabi/lib/thumb/v7e-m+fp/hard\libc.a(lib_a-lock.o)
                0x0000c218                __retarget_lock_acquire_recursive
 .text.__retarget_lock_release_recursive
                0x0000c21c        0x4 d:/apps/rt-threadstudio/repo/extract/toolchain_support_packages/arm/gnu_tools_for_arm_embedded_processors/10.2.1/bin/../lib/gcc/arm-none-eabi/10.2.1/../../../../arm-none-eabi/lib/thumb/v7e-m+fp/hard\libc.a(lib_a-lock.o)
                0x0000c21c                __retarget_lock_release_recursive
 .text.__register_exitproc
                0x0000c220       0x8c d:/apps/rt-threadstudio/repo/extract/toolchain_support_packages/arm/gnu_tools_for_arm_embedded_processors/10.2.1/bin/../lib/gcc/arm-none-eabi/10.2.1/../../../../arm-none-eabi/lib/thumb/v7e-m+fp/hard\libc.a(lib_a-__atexit.o)
                0x0000c220                __register_exitproc
 *(.version)
 .version       0x0000c2ac       0x50 ./ra/fsp/src/bsp/mcu/all/bsp_common.o
 *(.init)
 .init          0x0000c2fc        0x4 d:/apps/rt-threadstudio/repo/extract/toolchain_support_packages/arm/gnu_tools_for_arm_embedded_processors/10.2.1/bin/../lib/gcc/arm-none-eabi/10.2.1/thumb/v7e-m+fp/hard/crti.o
                0x0000c2fc                _init
 .init          0x0000c300        0x8 d:/apps/rt-threadstudio/repo/extract/toolchain_support_packages/arm/gnu_tools_for_arm_embedded_processors/10.2.1/bin/../lib/gcc/arm-none-eabi/10.2.1/thumb/v7e-m+fp/hard/crtn.o
 *(.fini)
 .fini          0x0000c308        0x4 d:/apps/rt-threadstudio/repo/extract/toolchain_support_packages/arm/gnu_tools_for_arm_embedded_processors/10.2.1/bin/../lib/gcc/arm-none-eabi/10.2.1/thumb/v7e-m+fp/hard/crti.o
                0x0000c308                _fini
 .fini          0x0000c30c        0x8 d:/apps/rt-threadstudio/repo/extract/toolchain_support_packages/arm/gnu_tools_for_arm_embedded_processors/10.2.1/bin/../lib/gcc/arm-none-eabi/10.2.1/thumb/v7e-m+fp/hard/crtn.o
                0x0000c314                . = ALIGN (0x4)
                0x0000c314                __fsymtab_start = .
 *(FSymTab)
 FSymTab        0x0000c314       0x10 ./rt-thread/src/kservice.o
                0x0000c314                __fsym_backtrace
 FSymTab        0x0000c324       0x30 ./rt-thread/components/finsh/cmd.o
                0x0000c324                __fsym_clear
                0x0000c334                __fsym_version
                0x0000c344                __fsym_list
 FSymTab        0x0000c354       0x30 ./rt-thread/components/finsh/msh.o
                0x0000c354                __fsym_help
                0x0000c364                __fsym_ps
                0x0000c374                __fsym_free
 FSymTab        0x0000c384       0x10 ./rt-thread/components/drivers/misc/pin.o
                0x0000c384                __fsym_pin
 FSymTab        0x0000c394       0x10 ./libraries/HAL_Drivers/drv_common.o
                0x0000c394                __fsym_reboot
                0x0000c3a4                __fsymtab_end = .
                0x0000c3a4                . = ALIGN (0x4)
                0x0000c3a4                __vsymtab_start = .
 *(VSymTab)
                0x0000c3a4                __vsymtab_end = .
                0x0000c3a4                . = ALIGN (0x4)
                0x0000c3a4                __rt_init_start = .
 *(SORT_BY_NAME(.rti_fn*))
 .rti_fn.0      0x0000c3a4        0x8 ./rt-thread/src/components.o
                0x0000c3a4                __rt_init_desc_rti_start
 .rti_fn.0.end  0x0000c3ac        0x8 ./rt-thread/src/components.o
                0x0000c3ac                __rt_init_desc_rti_board_start
 .rti_fn.1.end  0x0000c3b4        0x8 ./rt-thread/src/components.o
                0x0000c3b4                __rt_init_desc_rti_board_end
 .rti_fn.6      0x0000c3bc        0x8 ./rt-thread/components/finsh/shell.o
                0x0000c3bc                __rt_init_desc_finsh_system_init
 .rti_fn.6.end  0x0000c3c4        0x8 ./rt-thread/src/components.o
                0x0000c3c4                __rt_init_desc_rti_end
                0x0000c3cc                __rt_init_end = .
                0x0000c3cc                . = ALIGN (0x4)
 *(FalPartTable)
 *crtbegin.o(.ctors)
 *crtbegin?.o(.ctors)
 *(EXCLUDE_FILE(*crtend.o *crtend?.o) .ctors)
 *(SORT_BY_NAME(.ctors.*))
 *(.ctors)
 *crtbegin.o(.dtors)
 *crtbegin?.o(.dtors)
 *(EXCLUDE_FILE(*crtend.o *crtend?.o) .dtors)
 *(SORT_BY_NAME(.dtors.*))
 *(.dtors)
 *(.rodata*)
 .rodata        0x0000c3cc       0x13 ./src/hal_entry.o
 *fill*         0x0000c3df        0x1 ff
 .rodata.__rti_rti_start_name
                0x0000c3e0        0xa ./rt-thread/src/components.o
                0x0000c3e0                __rti_rti_start_name
 *fill*         0x0000c3ea        0x2 ff
 .rodata.__rti_rti_board_start_name
                0x0000c3ec       0x10 ./rt-thread/src/components.o
                0x0000c3ec                __rti_rti_board_start_name
 .rodata.__rti_rti_board_end_name
                0x0000c3fc        0xe ./rt-thread/src/components.o
                0x0000c3fc                __rti_rti_board_end_name
 *fill*         0x0000c40a        0x2 ff
 .rodata.__rti_rti_end_name
                0x0000c40c        0x8 ./rt-thread/src/components.o
                0x0000c40c                __rti_rti_end_name
 .rodata        0x0000c414       0x53 ./rt-thread/src/components.o
 *fill*         0x0000c467        0x1 ff
 .rodata.__FUNCTION__.0
                0x0000c468       0x14 ./rt-thread/src/components.o
 .rodata        0x0000c47c       0x16 ./rt-thread/src/idle.o
 *fill*         0x0000c492        0x2 ff
 .rodata        0x0000c494      0x51a ./rt-thread/src/ipc.o
 *fill*         0x0000c9ae        0x2 ff
 .rodata.__FUNCTION__.39
                0x0000c9b0        0xc ./rt-thread/src/ipc.o
 .rodata.__FUNCTION__.35
                0x0000c9bc        0xd ./rt-thread/src/ipc.o
 *fill*         0x0000c9c9        0x3 ff
 .rodata.__FUNCTION__.34
                0x0000c9cc       0x12 ./rt-thread/src/ipc.o
 *fill*         0x0000c9de        0x2 ff
 .rodata.__FUNCTION__.33
                0x0000c9e0        0xf ./rt-thread/src/ipc.o
 *fill*         0x0000c9ef        0x1 ff
 .rodata.__FUNCTION__.31
                0x0000c9f0        0xe ./rt-thread/src/ipc.o
 *fill*         0x0000c9fe        0x2 ff
 .rodata.__FUNCTION__.29
                0x0000ca00       0x15 ./rt-thread/src/ipc.o
 *fill*         0x0000ca15        0x3 ff
 .rodata.__FUNCTION__.25
                0x0000ca18        0xf ./rt-thread/src/ipc.o
 *fill*         0x0000ca27        0x1 ff
 .rodata.__FUNCTION__.24
                0x0000ca28       0x11 ./rt-thread/src/ipc.o
 *fill*         0x0000ca39        0x3 ff
 .rodata        0x0000ca3c      0x433 ./rt-thread/src/kservice.o
 *fill*         0x0000ce6f        0x1 ff
 .rodata.name   0x0000ce70       0x28 ./rt-thread/src/kservice.o
                0x0000ce70                __fsym_backtrace_name
                0x0000ce7c                __fsym_backtrace_desc
 .rodata.large_digits.4
                0x0000ce98       0x11 ./rt-thread/src/kservice.o
 *fill*         0x0000cea9        0x3 ff
 .rodata.small_digits.3
                0x0000ceac       0x11 ./rt-thread/src/kservice.o
 *fill*         0x0000cebd        0x3 ff
 .rodata.__FUNCTION__.1
                0x0000cec0       0x14 ./rt-thread/src/kservice.o
 .rodata.__FUNCTION__.0
                0x0000ced4        0xd ./rt-thread/src/kservice.o
 *fill*         0x0000cee1        0x3 ff
 .rodata        0x0000cee4      0x41b ./rt-thread/src/mem.o
 *fill*         0x0000d2ff        0x1 ff
 .rodata.__FUNCTION__.4
                0x0000d300        0xb ./rt-thread/src/mem.o
 *fill*         0x0000d30b        0x1 ff
 .rodata.__FUNCTION__.2
                0x0000d30c        0xe ./rt-thread/src/mem.o
 *fill*         0x0000d31a        0x2 ff
 .rodata.__FUNCTION__.0
                0x0000d31c        0xd ./rt-thread/src/mem.o
 *fill*         0x0000d329        0x3 ff
 .rodata        0x0000d32c       0x91 ./rt-thread/src/object.o
 *fill*         0x0000d3bd        0x3 ff
 .rodata.__FUNCTION__.6
                0x0000d3c0        0xf ./rt-thread/src/object.o
 *fill*         0x0000d3cf        0x1 ff
 .rodata.__FUNCTION__.5
                0x0000d3d0       0x11 ./rt-thread/src/object.o
 *fill*         0x0000d3e1        0x3 ff
 .rodata.__FUNCTION__.4
                0x0000d3e4       0x13 ./rt-thread/src/object.o
 *fill*         0x0000d3f7        0x1 ff
 .rodata.__FUNCTION__.3
                0x0000d3f8       0x11 ./rt-thread/src/object.o
 *fill*         0x0000d409        0x3 ff
 .rodata.__FUNCTION__.2
                0x0000d40c       0x1a ./rt-thread/src/object.o
 *fill*         0x0000d426        0x2 ff
 .rodata.__FUNCTION__.1
                0x0000d428       0x13 ./rt-thread/src/object.o
 *fill*         0x0000d43b        0x1 ff
 .rodata.__FUNCTION__.0
                0x0000d43c        0xf ./rt-thread/src/object.o
 *fill*         0x0000d44b        0x1 ff
 .rodata        0x0000d44c       0x65 ./rt-thread/src/scheduler_up.o
 *fill*         0x0000d4b1        0x3 ff
 .rodata.__FUNCTION__.2
                0x0000d4b4       0x17 ./rt-thread/src/scheduler_up.o
 *fill*         0x0000d4cb        0x1 ff
 .rodata.__FUNCTION__.1
                0x0000d4cc       0x1a ./rt-thread/src/scheduler_up.o
 *fill*         0x0000d4e6        0x2 ff
 .rodata.__FUNCTION__.0
                0x0000d4e8       0x1a ./rt-thread/src/scheduler_up.o
 *fill*         0x0000d502        0x2 ff
 .rodata        0x0000d504      0x25f ./rt-thread/src/thread.o
 *fill*         0x0000d763        0x1 ff
 .rodata.__FUNCTION__.11
                0x0000d764       0x10 ./rt-thread/src/thread.o
 .rodata.__FUNCTION__.10
                0x0000d774        0xd ./rt-thread/src/thread.o
 *fill*         0x0000d781        0x3 ff
 .rodata.__FUNCTION__.9
                0x0000d784        0xf ./rt-thread/src/thread.o
 *fill*         0x0000d793        0x1 ff
 .rodata.__FUNCTION__.8
                0x0000d794       0x12 ./rt-thread/src/thread.o
 *fill*         0x0000d7a6        0x2 ff
 .rodata.__FUNCTION__.7
                0x0000d7a8       0x11 ./rt-thread/src/thread.o
 *fill*         0x0000d7b9        0x3 ff
 .rodata.__FUNCTION__.6
                0x0000d7bc       0x11 ./rt-thread/src/thread.o
 *fill*         0x0000d7cd        0x3 ff
 .rodata.__FUNCTION__.5
                0x0000d7d0       0x10 ./rt-thread/src/thread.o
 .rodata.__FUNCTION__.3
                0x0000d7e0       0x12 ./rt-thread/src/thread.o
 *fill*         0x0000d7f2        0x2 ff
 .rodata.__FUNCTION__.2
                0x0000d7f4       0x1c ./rt-thread/src/thread.o
 .rodata.__FUNCTION__.1
                0x0000d810       0x1c ./rt-thread/src/thread.o
 .rodata.__FUNCTION__.0
                0x0000d82c       0x11 ./rt-thread/src/thread.o
 *fill*         0x0000d83d        0x3 ff
 .rodata        0x0000d840      0x10e ./rt-thread/src/timer.o
 *fill*         0x0000d94e        0x2 ff
 .rodata.__FUNCTION__.7
                0x0000d950        0xe ./rt-thread/src/timer.o
 *fill*         0x0000d95e        0x2 ff
 .rodata.__FUNCTION__.6
                0x0000d960       0x10 ./rt-thread/src/timer.o
 .rodata.__FUNCTION__.3
                0x0000d970        0xf ./rt-thread/src/timer.o
 *fill*         0x0000d97f        0x1 ff
 .rodata.__FUNCTION__.1
                0x0000d980        0xe ./rt-thread/src/timer.o
 *fill*         0x0000d98e        0x2 ff
 .rodata.__FUNCTION__.0
                0x0000d990       0x11 ./rt-thread/src/timer.o
 *fill*         0x0000d9a1        0x3 ff
 .rodata        0x0000d9a4      0x2ba ./rt-thread/libcpu/arm/cortex-m4/cpuport.o
 *fill*         0x0000dc5e        0x2 ff
 .rodata        0x0000dc60      0x71c ./rt-thread/components/finsh/cmd.o
 .rodata.name   0x0000e37c       0x65 ./rt-thread/components/finsh/cmd.o
                0x0000e37c                __fsym_clear_name
                0x0000e384                __fsym_clear_desc
                0x0000e3a0                __fsym_version_name
                0x0000e3a8                __fsym_version_desc
                0x0000e3cc                __fsym_list_name
                0x0000e3d4                __fsym_list_desc
 *fill*         0x0000e3e1        0x3 ff
 .rodata.device_type_str
                0x0000e3e4       0x7c ./rt-thread/components/finsh/cmd.o
 .rodata        0x0000e460       0xc8 ./rt-thread/components/finsh/msh.o
 .rodata.name   0x0000e528       0x6d ./rt-thread/components/finsh/msh.o
                0x0000e528                __fsym_help_name
                0x0000e530                __fsym_help_desc
                0x0000e548                __fsym_ps_name
                0x0000e54c                __fsym_ps_desc
                0x0000e568                __fsym_free_name
                0x0000e570                __fsym_free_desc
 *fill*         0x0000e595        0x3 ff
 .rodata.__FUNCTION__.0
                0x0000e598        0xe ./rt-thread/components/finsh/msh.o
 *fill*         0x0000e5a6        0x2 ff
 .rodata        0x0000e5a8       0x91 ./rt-thread/components/finsh/shell.o
 *fill*         0x0000e639        0x3 ff
 .rodata.__rti_finsh_system_init_name
                0x0000e63c       0x12 ./rt-thread/components/finsh/shell.o
                0x0000e63c                __rti_finsh_system_init_name
 *fill*         0x0000e64e        0x2 ff
 .rodata.__FUNCTION__.6
                0x0000e650       0x16 ./rt-thread/components/finsh/shell.o
 *fill*         0x0000e666        0x2 ff
 .rodata.__FUNCTION__.5
                0x0000e668        0xe ./rt-thread/components/finsh/shell.o
 *fill*         0x0000e676        0x2 ff
 .rodata.__FUNCTION__.4
                0x0000e678        0xd ./rt-thread/components/finsh/shell.o
 *fill*         0x0000e685        0x3 ff
 .rodata.__FUNCTION__.3
                0x0000e688       0x11 ./rt-thread/components/finsh/shell.o
 *fill*         0x0000e699        0x3 ff
 .rodata        0x0000e69c      0x1dd ./rt-thread/components/drivers/serial/serial_v2.o
 *fill*         0x0000e879        0x3 ff
 .rodata.__FUNCTION__.18
                0x0000e87c       0x1c ./rt-thread/components/drivers/serial/serial_v2.o
 .rodata.__FUNCTION__.17
                0x0000e898       0x1c ./rt-thread/components/drivers/serial/serial_v2.o
 .rodata.__FUNCTION__.16
                0x0000e8b4       0x1d ./rt-thread/components/drivers/serial/serial_v2.o
 *fill*         0x0000e8d1        0x3 ff
 .rodata.__FUNCTION__.15
                0x0000e8d4       0x10 ./rt-thread/components/drivers/serial/serial_v2.o
 .rodata.__FUNCTION__.14
                0x0000e8e4       0x10 ./rt-thread/components/drivers/serial/serial_v2.o
 .rodata.__FUNCTION__.13
                0x0000e8f4       0x10 ./rt-thread/components/drivers/serial/serial_v2.o
 .rodata.__FUNCTION__.12
                0x0000e904       0x1e ./rt-thread/components/drivers/serial/serial_v2.o
 *fill*         0x0000e922        0x2 ff
 .rodata.__FUNCTION__.11
                0x0000e924       0x1d ./rt-thread/components/drivers/serial/serial_v2.o
 *fill*         0x0000e941        0x3 ff
 .rodata.__FUNCTION__.10
                0x0000e944       0x1c ./rt-thread/components/drivers/serial/serial_v2.o
 .rodata.__FUNCTION__.9
                0x0000e960       0x14 ./rt-thread/components/drivers/serial/serial_v2.o
 .rodata.__FUNCTION__.8
                0x0000e974       0x14 ./rt-thread/components/drivers/serial/serial_v2.o
 .rodata.__FUNCTION__.7
                0x0000e988       0x15 ./rt-thread/components/drivers/serial/serial_v2.o
 *fill*         0x0000e99d        0x3 ff
 .rodata.__FUNCTION__.6
                0x0000e9a0       0x15 ./rt-thread/components/drivers/serial/serial_v2.o
 *fill*         0x0000e9b5        0x3 ff
 .rodata.__FUNCTION__.5
                0x0000e9b8        0xf ./rt-thread/components/drivers/serial/serial_v2.o
 *fill*         0x0000e9c7        0x1 ff
 .rodata.__FUNCTION__.4
                0x0000e9c8        0xf ./rt-thread/components/drivers/serial/serial_v2.o
 *fill*         0x0000e9d7        0x1 ff
 .rodata.__FUNCTION__.3
                0x0000e9d8       0x10 ./rt-thread/components/drivers/serial/serial_v2.o
 .rodata.__FUNCTION__.2
                0x0000e9e8       0x12 ./rt-thread/components/drivers/serial/serial_v2.o
 *fill*         0x0000e9fa        0x2 ff
 .rodata.__FUNCTION__.1
                0x0000e9fc       0x16 ./rt-thread/components/drivers/serial/serial_v2.o
 *fill*         0x0000ea12        0x2 ff
 .rodata.__FUNCTION__.0
                0x0000ea14       0x11 ./rt-thread/components/drivers/serial/serial_v2.o
 *fill*         0x0000ea25        0x3 ff
 .rodata        0x0000ea28      0x2a2 ./rt-thread/components/drivers/misc/pin.o
 *fill*         0x0000ecca        0x2 ff
 .rodata.name   0x0000eccc       0x11 ./rt-thread/components/drivers/misc/pin.o
                0x0000eccc                __fsym_pin_name
                0x0000ecd0                __fsym_pin_desc
 *fill*         0x0000ecdd        0x3 ff
 .rodata.__FUNCTION__.9
                0x0000ece0        0xa ./rt-thread/components/drivers/misc/pin.o
 *fill*         0x0000ecea        0x2 ff
 .rodata.__FUNCTION__.8
                0x0000ecec        0xb ./rt-thread/components/drivers/misc/pin.o
 *fill*         0x0000ecf7        0x1 ff
 .rodata.__FUNCTION__.7
                0x0000ecf8        0xd ./rt-thread/components/drivers/misc/pin.o
 *fill*         0x0000ed05        0x3 ff
 .rodata.__FUNCTION__.3
                0x0000ed08        0xc ./rt-thread/components/drivers/misc/pin.o
 .rodata.__FUNCTION__.2
                0x0000ed14        0xd ./rt-thread/components/drivers/misc/pin.o
 *fill*         0x0000ed21        0x3 ff
 .rodata.__FUNCTION__.1
                0x0000ed24        0xc ./rt-thread/components/drivers/misc/pin.o
 .rodata.__FUNCTION__.0
                0x0000ed30        0xb ./rt-thread/components/drivers/misc/pin.o
 *fill*         0x0000ed3b        0x1 ff
 .rodata        0x0000ed3c       0xff ./rt-thread/components/drivers/ipc/completion.o
 *fill*         0x0000ee3b        0x1 ff
 .rodata.__FUNCTION__.2
                0x0000ee3c       0x13 ./rt-thread/components/drivers/ipc/completion.o
 *fill*         0x0000ee4f        0x1 ff
 .rodata.__FUNCTION__.1
                0x0000ee50       0x13 ./rt-thread/components/drivers/ipc/completion.o
 *fill*         0x0000ee63        0x1 ff
 .rodata.__FUNCTION__.0
                0x0000ee64       0x13 ./rt-thread/components/drivers/ipc/completion.o
 *fill*         0x0000ee77        0x1 ff
 .rodata        0x0000ee78       0x19 ./rt-thread/components/drivers/ipc/ringbuffer.o
 *fill*         0x0000ee91        0x3 ff
 .rodata.__FUNCTION__.10
                0x0000ee94       0x13 ./rt-thread/components/drivers/ipc/ringbuffer.o
 *fill*         0x0000eea7        0x1 ff
 .rodata.__FUNCTION__.9
                0x0000eea8       0x12 ./rt-thread/components/drivers/ipc/ringbuffer.o
 *fill*         0x0000eeba        0x2 ff
 .rodata.__FUNCTION__.7
                0x0000eebc       0x12 ./rt-thread/components/drivers/ipc/ringbuffer.o
 *fill*         0x0000eece        0x2 ff
 .rodata.__FUNCTION__.5
                0x0000eed0       0x16 ./rt-thread/components/drivers/ipc/ringbuffer.o
 *fill*         0x0000eee6        0x2 ff
 .rodata        0x0000eee8      0x114 ./rt-thread/components/drivers/core/device.o
 .rodata.__FUNCTION__.6
                0x0000effc        0xf ./rt-thread/components/drivers/core/device.o
 *fill*         0x0000f00b        0x1 ff
 .rodata.__FUNCTION__.5
                0x0000f00c       0x10 ./rt-thread/components/drivers/core/device.o
 .rodata.__FUNCTION__.4
                0x0000f01c        0xf ./rt-thread/components/drivers/core/device.o
 *fill*         0x0000f02b        0x1 ff
 .rodata.__FUNCTION__.3
                0x0000f02c       0x10 ./rt-thread/components/drivers/core/device.o
 .rodata.__FUNCTION__.1
                0x0000f03c       0x1a ./rt-thread/components/drivers/core/device.o
 *fill*         0x0000f056        0x2 ff
 .rodata.g_ioport
                0x0000f058        0xc ./ra_gen/common_data.o
                0x0000f058                g_ioport
 .rodata.g_uart9_cfg_extend
                0x0000f064       0x10 ./ra_gen/hal_data.o
                0x0000f064                g_uart9_cfg_extend
 .rodata.g_uart9_cfg
                0x0000f074       0x20 ./ra_gen/hal_data.o
                0x0000f074                g_uart9_cfg
 .rodata.g_bsp_pin_cfg_data
                0x0000f094       0x20 ./ra_gen/pin_data.o
                0x0000f094                g_bsp_pin_cfg_data
 .rodata.g_bsp_pin_cfg
                0x0000f0b4        0x8 ./ra_gen/pin_data.o
                0x0000f0b4                g_bsp_pin_cfg
 .rodata.g_interrupt_event_link_select
                0x0000f0bc       0xc0 ./ra_gen/vector_data.o
                0x0000f0bc                g_interrupt_event_link_select
 .rodata.g_ioport_on_ioport
                0x0000f17c       0x38 ./ra/fsp/src/r_ioport/r_ioport.o
                0x0000f17c                g_ioport_on_ioport
 .rodata.g_vbatt_pins_input
                0x0000f1b4        0x6 ./ra/fsp/src/r_ioport/r_ioport.o
 *fill*         0x0000f1ba        0x2 ff
 .rodata.g_prcr_masks
                0x0000f1bc        0x8 ./ra/fsp/src/bsp/mcu/all/bsp_register_protection.o
 .rodata.name   0x0000f1c4       0x16 ./libraries/HAL_Drivers/drv_common.o
                0x0000f1c4                __fsym_reboot_name
                0x0000f1cc                __fsym_reboot_desc
 *fill*         0x0000f1da        0x2 ff
 .rodata        0x0000f1dc        0x6 ./libraries/HAL_Drivers/drv_common.o
 *fill*         0x0000f1e2        0x2 ff
 .rodata        0x0000f1e4       0xc0 ./libraries/HAL_Drivers/drv_gpio.o
 .rodata._ra_pin_ops
                0x0000f2a4       0x1c ./libraries/HAL_Drivers/drv_gpio.o
 .rodata        0x0000f2c0       0x7d ./libraries/HAL_Drivers/drv_usart_v2.o
 *fill*         0x0000f33d        0x3 ff
 .rodata.ra_uart_ops
                0x0000f340       0x14 ./libraries/HAL_Drivers/drv_usart_v2.o
 .rodata.__FUNCTION__.4
                0x0000f354       0x12 ./libraries/HAL_Drivers/drv_usart_v2.o
 *fill*         0x0000f366        0x2 ff
 .rodata.__FUNCTION__.3
                0x0000f368        0xd ./libraries/HAL_Drivers/drv_usart_v2.o
 *fill*         0x0000f375        0x3 ff
 .rodata.__FUNCTION__.2
                0x0000f378       0x11 ./libraries/HAL_Drivers/drv_usart_v2.o
 *fill*         0x0000f389        0x3 ff
 .rodata.__FUNCTION__.1
                0x0000f38c       0x14 ./libraries/HAL_Drivers/drv_usart_v2.o
 .rodata.__FUNCTION__.0
                0x0000f3a0       0x11 ./libraries/HAL_Drivers/drv_usart_v2.o
 *fill*         0x0000f3b1        0x3 ff
 .rodata._ctype_
                0x0000f3b4      0x101 d:/apps/rt-threadstudio/repo/extract/toolchain_support_packages/arm/gnu_tools_for_arm_embedded_processors/10.2.1/bin/../lib/gcc/arm-none-eabi/10.2.1/../../../../arm-none-eabi/lib/thumb/v7e-m+fp/hard\libc.a(lib_a-ctype_.o)
                0x0000f3b4                _ctype_
 *fill*         0x0000f4b5        0x3 ff
 .rodata._global_impure_ptr
                0x0000f4b8        0x4 d:/apps/rt-threadstudio/repo/extract/toolchain_support_packages/arm/gnu_tools_for_arm_embedded_processors/10.2.1/bin/../lib/gcc/arm-none-eabi/10.2.1/../../../../arm-none-eabi/lib/thumb/v7e-m+fp/hard\libc.a(lib_a-impure.o)
                0x0000f4b8                _global_impure_ptr
                0x0000f4bc                __usb_dev_descriptor_start_fs = .
 *(.usb_device_desc_fs*)
                0x0000f4bc                __usb_cfg_descriptor_start_fs = .
 *(.usb_config_desc_fs*)
                0x0000f4bc                __usb_interface_descriptor_start_fs = .
 *(.usb_interface_desc_fs*)
                0x0000f4bc                __usb_descriptor_end_fs = .
                0x0000f4bc                __usb_dev_descriptor_start_hs = .
 *(.usb_device_desc_hs*)
                0x0000f4bc                __usb_cfg_descriptor_start_hs = .
 *(.usb_config_desc_hs*)
                0x0000f4bc                __usb_interface_descriptor_start_hs = .
 *(.usb_interface_desc_hs*)
                0x0000f4bc                __usb_descriptor_end_hs = .
 *(.eh_frame*)
 .eh_frame      0x0000f4bc        0x0 d:/apps/rt-threadstudio/repo/extract/toolchain_support_packages/arm/gnu_tools_for_arm_embedded_processors/10.2.1/bin/../lib/gcc/arm-none-eabi/10.2.1/thumb/v7e-m+fp/hard/crtbegin.o
 .eh_frame      0x0000f4bc        0x4 d:/apps/rt-threadstudio/repo/extract/toolchain_support_packages/arm/gnu_tools_for_arm_embedded_processors/10.2.1/bin/../lib/gcc/arm-none-eabi/10.2.1/thumb/v7e-m+fp/hard/crtend.o
                0x0000f4c0                __ROM_End = .
                0x000001c0                __Vectors_Size = (__Vectors_End - __Vectors)

.glue_7         0x0000f4c0        0x0
 .glue_7        0x0000f4c0        0x0 linker stubs

.glue_7t        0x0000f4c0        0x0
 .glue_7t       0x0000f4c0        0x0 linker stubs

.vfp11_veneer   0x0000f4c0        0x0
 .vfp11_veneer  0x0000f4c0        0x0 linker stubs

.v4_bx          0x0000f4c0        0x0
 .v4_bx         0x0000f4c0        0x0 linker stubs

.iplt           0x0000f4c0        0x0
 .iplt          0x0000f4c0        0x0 d:/apps/rt-threadstudio/repo/extract/toolchain_support_packages/arm/gnu_tools_for_arm_embedded_processors/10.2.1/bin/../lib/gcc/arm-none-eabi/10.2.1/thumb/v7e-m+fp/hard/crtbegin.o

.ARM.extab
 *(.ARM.extab* .gnu.linkonce.armextab.*)
                0x0000f4c0                __exidx_start = .

.ARM.exidx
 *(.ARM.exidx* .gnu.linkonce.armexidx.*)
                0x0000f4c0                __exidx_end = .
                0x0000f4c0                __etext = .
                0x1ffe0000                __tz_RAM_S = ORIGIN (RAM)

.fsp_dtc_vector_table
                0x1ffe0000        0x0
                0x1ffe0000                . = ORIGIN (RAM)
 *(.fsp_dtc_vector_table)

.data           0x1ffe0000      0x608 load address 0x0000f4c0
                0x1ffe0000                __data_start__ = .
                0x1ffe0000                . = ALIGN (0x4)
                0x1ffe0000                __Code_In_RAM_Start = .
 *(.code_in_ram*)
                0x1ffe0000                __Code_In_RAM_End = .
 *(vtable)
 *(.data.*)
 .data._rt_thread_defunct
                0x1ffe0000        0x8 ./rt-thread/src/idle.o
 .data.rt_errno_strs
                0x1ffe0008       0x78 ./rt-thread/src/kservice.o
 .data._object_container
                0x1ffe0080       0xc8 ./rt-thread/src/object.o
 .data._soft_timer_status
                0x1ffe0148        0x1 ./rt-thread/src/timer.o
 *fill*         0x1ffe0149        0x3 
 .data.cmd_list_msh_options
                0x1ffe014c       0x6c ./rt-thread/components/finsh/cmd.o
 .data.g_uart9_baud_setting
                0x1ffe01b8        0x4 ./ra_gen/hal_data.o
                0x1ffe01b8                g_uart9_baud_setting
 .data.uart_config
                0x1ffe01bc        0xc ./libraries/HAL_Drivers/drv_usart_v2.o
 .data._impure_ptr
                0x1ffe01c8        0x4 d:/apps/rt-threadstudio/repo/extract/toolchain_support_packages/arm/gnu_tools_for_arm_embedded_processors/10.2.1/bin/../lib/gcc/arm-none-eabi/10.2.1/../../../../arm-none-eabi/lib/thumb/v7e-m+fp/hard\libc.a(lib_a-impure.o)
                0x1ffe01c8                _impure_ptr
 *fill*         0x1ffe01cc        0x4 
 .data.impure_data
                0x1ffe01d0      0x428 d:/apps/rt-threadstudio/repo/extract/toolchain_support_packages/arm/gnu_tools_for_arm_embedded_processors/10.2.1/bin/../lib/gcc/arm-none-eabi/10.2.1/../../../../arm-none-eabi/lib/thumb/v7e-m+fp/hard\libc.a(lib_a-impure.o)
 .data.__atexit_recursive_mutex
                0x1ffe05f8        0x4 d:/apps/rt-threadstudio/repo/extract/toolchain_support_packages/arm/gnu_tools_for_arm_embedded_processors/10.2.1/bin/../lib/gcc/arm-none-eabi/10.2.1/../../../../arm-none-eabi/lib/thumb/v7e-m+fp/hard\libc.a(lib_a-__call_atexit.o)
                0x1ffe05f8                __atexit_recursive_mutex
 *(.data)
                0x1ffe05fc                . = ALIGN (0x4)
                [!provide]                PROVIDE (__preinit_array_start = .)
 *(.preinit_array)
                [!provide]                PROVIDE (__preinit_array_end = .)
                0x1ffe05fc                . = ALIGN (0x4)
                0x1ffe05fc                PROVIDE (__init_array_start = .)
 *(SORT_BY_NAME(.init_array.*))
 .init_array.00000
                0x1ffe05fc        0x4 d:/apps/rt-threadstudio/repo/extract/toolchain_support_packages/arm/gnu_tools_for_arm_embedded_processors/10.2.1/bin/../lib/gcc/arm-none-eabi/10.2.1/../../../../arm-none-eabi/lib/thumb/v7e-m+fp/hard\libc.a(lib_a-__call_atexit.o)
 *(.init_array)
 .init_array    0x1ffe0600        0x4 d:/apps/rt-threadstudio/repo/extract/toolchain_support_packages/arm/gnu_tools_for_arm_embedded_processors/10.2.1/bin/../lib/gcc/arm-none-eabi/10.2.1/thumb/v7e-m+fp/hard/crtbegin.o
                0x1ffe0604                PROVIDE (__init_array_end = .)
                0x1ffe0604                . = ALIGN (0x4)
                0x1ffe0604                PROVIDE (__fini_array_start = .)
 *(SORT_BY_NAME(.fini_array.*))
 *(.fini_array)
 .fini_array    0x1ffe0604        0x4 d:/apps/rt-threadstudio/repo/extract/toolchain_support_packages/arm/gnu_tools_for_arm_embedded_processors/10.2.1/bin/../lib/gcc/arm-none-eabi/10.2.1/thumb/v7e-m+fp/hard/crtbegin.o
                0x1ffe0608                PROVIDE (__fini_array_end = .)
 *(.jcr*)
                0x1ffe0608                . = ALIGN (0x4)
                0x1ffe0608                __data_end__ = .
                0x0000fac8                DATA_END = (LOADADDR (.data) + SIZEOF (.data))
                0x0000fc00                SGSTUBS_LOC = (DEFINED (PROJECT_SECURE) && DEFINED (FLASH_NSC_START))?ABSOLUTE (FLASH_NSC_START):ALIGN (DATA_END, 0x400)

.igot.plt       0x1ffe0608        0x0 load address 0x0000fac8
 .igot.plt      0x1ffe0608        0x0 d:/apps/rt-threadstudio/repo/extract/toolchain_support_packages/arm/gnu_tools_for_arm_embedded_processors/10.2.1/bin/../lib/gcc/arm-none-eabi/10.2.1/thumb/v7e-m+fp/hard/crtbegin.o

.gnu.sgstubs    0x0000fc00        0x0
                0x0000fc00                __tz_FLASH_C = DEFINED (FLASH_NSC_START)?ABSOLUTE (FLASH_NSC_START):__RESERVE_NS_RAM?ABSOLUTE ((FLASH_START + FLASH_LENGTH)):ALIGN (0x400)
                0x0000fc00                _start_sg = .
 *(.gnu.sgstubs*)
                0x0000fc00                . = ALIGN (0x20)
                0x0000fc00                _end_sg = .
                0x00010000                __tz_FLASH_N = DEFINED (FLASH_NS_START)?ABSOLUTE (FLASH_NS_START):__RESERVE_NS_RAM?ABSOLUTE ((FLASH_START + FLASH_LENGTH)):(FLASH_LENGTH < 0x8000)?FLASH_LENGTH:ALIGN (0x8000)
                0x00010000                FLASH_NS_IMAGE_START = DEFINED (FLASH_NS_IMAGE_START)?FLASH_NS_IMAGE_START:__tz_FLASH_N
                0x60000000                __tz_QSPI_FLASH_S = ORIGIN (QSPI_FLASH)

.qspi_flash     0x60000000        0x0
                0x60000000                __qspi_flash_start__ = .
 *(.qspi_flash*)
 *(.code_in_qspi*)
                0x60000000                __qspi_flash_end__ = .